<html>
<body>
<pre>
<h1>µVision Build Log</h1>
<h2>Tool Versions:</h2>
IDE-Version: ¦ÌVision V5.27.1.0
Copyright (C) 2019 ARM Ltd and ARM Germany GmbH. All rights reserved.
License Information: huang huang, huang, LIC=14HV2-9XCL6-UHM8H-WUEZB-W4ZUL-LQSCI
 
Tool Versions:
Toolchain:       MDK-ARM Plus  Version: 5.31.0.0
Toolchain Path:  D:\Keil_v5\ARM\ARMCC\Bin
C Compiler:      Armcc.exe V5.06 update 6 (build 750)
Assembler:       Armasm.exe V5.06 update 6 (build 750)
Linker/Locator:  ArmLink.exe V5.06 update 6 (build 750)
Library Manager: ArmAr.exe V5.06 update 6 (build 750)
Hex Converter:   FromElf.exe V5.06 update 6 (build 750)
CPU DLL:         SARMCM3.DLL V5.31.0.0
Dialog DLL:      DCM.DLL V1.17.3.0
Target DLL:      STLink\ST-LINKIII-KEIL_SWO.dll V3.0.7.0
Dialog DLL:      TCM.DLL V1.46.0.0
 
<h2>Project:</h2>
C:\Users\huangyeqing\Desktop\WearableDetection\WearableDetection\MDK-ARM\WearableDetection.uvprojx
Project File Date:  04/15/2021

<h2>Output:</h2>
*** Using Compiler 'V5.06 update 6 (build 750)', folder: 'D:\Keil_v5\ARM\ARMCC\Bin'
Build target 'WearableDetection'
assembling startup_stm32l151xb.s...
compiling task_produce.c...
compiling task_upload.c...
compiling app.c...
..\APP\App\app.c(98): warning:  #128-D: loop is not reachable
                      MYLOG(WARNING, "Equipment exit sleep");
..\APP\App\app.c: 1 warning, 0 errors
compiling task_ad8223.c...
compiling user_adc.c...
compiling user_gpio.c...
compiling protocoldata.c...
compiling user_i2c.c...
compiling user_iwdg.c...
compiling user_i2c_m.c...
compiling user_rtc.c...
compiling user_spi.c...
compiling user_stmflash.c...
compiling axp173.c...
compiling user_usart.c...
compiling user_pwr.c...
compiling hkj15c.c...
compiling jy901.c...
compiling AdXL345.c...
..\APP\Drivers\AdXL345.c(109): warning:  #177-D: variable "scale"  was declared but never referenced
      float  scale = 3.9;              //À©´ó10±¶
..\APP\Drivers\AdXL345.c: 1 warning, 0 errors
compiling NRF24L01.c...
..\APP\Drivers\NRF24L01.c(631): warning:  #177-D: variable "count"  was declared but never referenced
      uint8_t count = 0, sta;
..\APP\Drivers\NRF24L01.c: 1 warning, 0 errors
compiling main.c...
compiling gpio.c...
compiling filter.c...
..\APP\Drivers\filter.c(89): warning:  #550-D: variable "ADC_OLD_Value"  was set but never used
      static float ADC_OLD_Value;
..\APP\Drivers\filter.c(113): warning:  #550-D: variable "ADC_OLD_Value"  was set but never used
      static float ADC_OLD_Value;
..\APP\Drivers\filter.c: 2 warnings, 0 errors
compiling freertos.c...
compiling adc.c...
compiling i2c.c...
compiling iwdg.c...
compiling rtc.c...
compiling spi.c...
compiling stm32l1xx_it.c...
compiling usart.c...
compiling stm32l1xx_hal_msp.c...
compiling stm32l1xx_hal_adc.c...
compiling stm32l1xx_hal.c...
compiling stm32l1xx_hal_adc_ex.c...
compiling stm32l1xx_hal_rcc.c...
compiling stm32l1xx_hal_rcc_ex.c...
compiling stm32l1xx_hal_flash.c...
compiling stm32l1xx_hal_flash_ex.c...
compiling stm32l1xx_hal_flash_ramfunc.c...
compiling stm32l1xx_hal_gpio.c...
compiling stm32l1xx_hal_dma.c...
compiling stm32l1xx_hal_pwr.c...
compiling stm32l1xx_hal_cortex.c...
compiling stm32l1xx_hal_pwr_ex.c...
compiling stm32l1xx_hal_exti.c...
compiling stm32l1xx_hal_i2c.c...
compiling stm32l1xx_hal_iwdg.c...
compiling stm32l1xx_hal_rtc.c...
compiling stm32l1xx_hal_rtc_ex.c...
compiling stm32l1xx_hal_tim.c...
compiling stm32l1xx_hal_spi.c...
compiling stm32l1xx_hal_tim_ex.c...
compiling stm32l1xx_hal_uart.c...
compiling event_groups.c...
compiling croutine.c...
compiling list.c...
compiling queue.c...
compiling stream_buffer.c...
compiling system_stm32l1xx.c...
compiling tasks.c...
compiling heap_4.c...
compiling timers.c...
compiling cmsis_os.c...
compiling port.c...
linking...
Program Size: Code=42616 RO-data=1776 RW-data=736 ZI-data=8200  
FromELF: creating hex file...
After Build - User command #1: D:\Keil_v5\\ARM\ARMCC\bin\fromelf.exe --bin --output=Bin\WearableDetection.bin .\WearableDetection\WearableDetection.axf
".\WearableDetection\WearableDetection.axf" - 0 Error(s), 5 Warning(s).

<h2>Software Packages used:</h2>

Package Vendor: ARM
                http://www.keil.com/pack/ARM.CMSIS.5.7.0.pack
                ARM.CMSIS.5.7.0
                CMSIS (Cortex Microcontroller Software Interface Standard)
   * Component: CORE Version: 5.4.0

Package Vendor: Keil
                http://www.keil.com/pack/Keil.STM32L1xx_DFP.1.2.0.pack
                Keil.STM32L1xx_DFP.1.2.0
                STMicroelectronics STM32L1 Series Device Support and Examples

<h2>Collection of Component include folders:</h2>
  .\RTE\_WearableDetection
  D:\Keil_v5\ARM\PACK\ARM\CMSIS\5.7.0\CMSIS\Core\Include
  D:\Keil_v5\ARM\PACK\Keil\STM32L1xx_DFP\1.2.0\Device\Include

<h2>Collection of Component Files used:</h2>

   * Component: ARM::CMSIS:CORE:5.4.0
Build Time Elapsed:  00:02:43
</pre>
</body>
</html>
