Component: ARM Compiler 5.06 update 6 (build 750) Tool: armlink [4d35ed]

==============================================================================

Section Cross References

    startup_stm32l151xb.o(RESET) refers to startup_stm32l151xb.o(STACK) for __initial_sp
    startup_stm32l151xb.o(RESET) refers to startup_stm32l151xb.o(.text) for Reset_Handler
    startup_stm32l151xb.o(RESET) refers to port.o(.emb_text) for SVC_Handler
    startup_stm32l151xb.o(RESET) refers to stm32l1xx_it.o(i.SysTick_Handler) for SysTick_Handler
    startup_stm32l151xb.o(RESET) refers to stm32l1xx_it.o(i.RTC_WKUP_IRQHandler) for RTC_WKUP_IRQHandler
    startup_stm32l151xb.o(RESET) refers to stm32l1xx_it.o(i.EXTI4_IRQHandler) for EXTI4_IRQHandler
    startup_stm32l151xb.o(RESET) refers to stm32l1xx_it.o(i.EXTI9_5_IRQHandler) for EXTI9_5_IRQHandler
    startup_stm32l151xb.o(RESET) refers to stm32l1xx_it.o(i.USART1_IRQHandler) for USART1_IRQHandler
    startup_stm32l151xb.o(RESET) refers to stm32l1xx_it.o(i.USART2_IRQHandler) for USART2_IRQHandler
    startup_stm32l151xb.o(RESET) refers to stm32l1xx_it.o(i.EXTI15_10_IRQHandler) for EXTI15_10_IRQHandler
    startup_stm32l151xb.o(RESET) refers to stm32l1xx_it.o(i.RTC_Alarm_IRQHandler) for RTC_Alarm_IRQHandler
    startup_stm32l151xb.o(.text) refers to system_stm32l1xx.o(i.SystemInit) for SystemInit
    startup_stm32l151xb.o(.text) refers to entry.o(.ARM.Collect$$$$00000000) for __main
    app.o(i.Drivers_Init) refers to user_usart.o(i.User_USART_Init) for User_USART_Init
    app.o(i.Drivers_Init) refers to user_i2c_m.o(i.IIC1_Init) for IIC1_Init
    app.o(i.Drivers_Init) refers to user_i2c_m.o(i.IIC2_Init) for IIC2_Init
    app.o(i.Drivers_Init) refers to user_spi.o(i.User_SPI_Init) for User_SPI_Init
    app.o(i.Drivers_Init) refers to user_rtc.o(i.User_RTC_Init) for User_RTC_Init
    app.o(i.Drivers_Init) refers to axp173.o(i.axp173_init) for axp173_init
    app.o(i.Drivers_Init) refers to adxl345.o(i.ADXL345_Init) for ADXL345_Init
    app.o(i.Drivers_Init) refers to nrf24l01.o(i.NRF24L_Init) for NRF24L_Init
    app.o(i.Drivers_Init) refers to jy901.o(i.BSP_JY_901_Init) for BSP_JY_901_Init
    app.o(i.Drivers_Init) refers to hkj15c.o(i.BSP_HKJ_15C_Init) for BSP_HKJ_15C_Init
    app.o(i.Drivers_Init) refers to printf8.o(i.__0printf$8) for __2printf
    app.o(i.Drivers_Init) refers to usart.o(.bss) for huart1
    app.o(i.Drivers_Init) refers to spi.o(.bss) for hspi1
    app.o(i.Drivers_Init) refers to app.o(.bss) for .bss
    app.o(i.Drivers_Init) refers to app.o(.constdata) for .constdata
    app.o(i.Drivers_Init_AD8223) refers to user_usart.o(i.User_USART_Init) for User_USART_Init
    app.o(i.Drivers_Init_AD8223) refers to user_adc.o(i.User_Adc_Init) for User_Adc_Init
    app.o(i.Drivers_Init_AD8223) refers to user_gpio.o(i.User_AD8223_init) for User_AD8223_init
    app.o(i.Drivers_Init_AD8223) refers to user_iwdg.o(i.User_Iwdg_Init) for User_Iwdg_Init
    app.o(i.Drivers_Init_AD8223) refers to usart.o(.bss) for huart2
    app.o(i.Drivers_Init_AD8223) refers to adc.o(.bss) for hadc
    app.o(i.Parameter_Init) refers to user_usart.o(i.User_USART_Init) for User_USART_Init
    app.o(i.Parameter_Init) refers to user_stmflash.o(i.STMEEPROM_Read) for STMEEPROM_Read
    app.o(i.Parameter_Init) refers to protocoldata.o(i.CalU8CRC) for CalU8CRC
    app.o(i.Parameter_Init) refers to memcpya.o(.text) for __aeabi_memcpy
    app.o(i.Parameter_Init) refers to app.o(i.Parameter_Save) for Parameter_Save
    app.o(i.Parameter_Init) refers to printf8.o(i.__0printf$8) for __2printf
    app.o(i.Parameter_Init) refers to usart.o(.bss) for huart2
    app.o(i.Parameter_Init) refers to app.o(.bss) for .bss
    app.o(i.Parameter_Init) refers to app.o(.data) for .data
    app.o(i.Parameter_Init) refers to app.o(.constdata) for .constdata
    app.o(i.Parameter_Save) refers to protocoldata.o(i.CalU8CRC) for CalU8CRC
    app.o(i.Parameter_Save) refers to user_stmflash.o(i.STMEEPROM_Write) for STMEEPROM_Write
    app.o(i.Parameter_Save) refers to printf8.o(i.__0printf$8) for __2printf
    app.o(i.Parameter_Save) refers to app.o(.bss) for .bss
    app.o(i.Parameter_Save) refers to app.o(.constdata) for .constdata
    app.o(i.Task_Base) refers to tasks.o(i.xTaskGetTickCount) for xTaskGetTickCount
    app.o(i.Task_Base) refers to user_usart.o(i.MX_Struct_Test) for MX_Struct_Test
    app.o(i.Task_Base) refers to stm32l1xx_hal_gpio.o(i.HAL_GPIO_WritePin) for HAL_GPIO_WritePin
    app.o(i.Task_Base) refers to adxl345.o(i.ADXL345_Get_State) for ADXL345_Get_State
    app.o(i.Task_Base) refers to printf8.o(i.__0printf$8) for __2printf
    app.o(i.Task_Base) refers to adxl345.o(i.Change_Run_State) for Change_Run_State
    app.o(i.Task_Base) refers to user_iwdg.o(i.User_Iwdg_Init) for User_Iwdg_Init
    app.o(i.Task_Base) refers to stm32l1xx_hal_iwdg.o(i.HAL_IWDG_Refresh) for HAL_IWDG_Refresh
    app.o(i.Task_Base) refers to cmsis_os.o(i.osDelay) for osDelay
[...]
    ADXL345_Step_Run                         0x08000e45   Thumb Code   288  adxl345.o(i.ADXL345_Step_Run)
    ADXL345_clean_falg                       0x08000fdd   Thumb Code    18  adxl345.o(i.ADXL345_clean_falg)
    ADXL345_detect_step                      0x08000ff5   Thumb Code   186  adxl345.o(i.ADXL345_detect_step)
    ADXL345_filter                           0x080010f1   Thumb Code    76  adxl345.o(i.ADXL345_filter)
    ADXL345_peak_update                      0x08001141   Thumb Code    80  adxl345.o(i.ADXL345_peak_update)
    ADXL345_slid_update                      0x0800119d   Thumb Code    58  adxl345.o(i.ADXL345_slid_update)
    AT_Analysis                              0x080011dd   Thumb Code   176  user_usart.o(i.AT_Analysis)
    AT_AnalysisVar                           0x08001305   Thumb Code   260  user_usart.o(i.AT_AnalysisVar)
    AtDebugDo                                0x08001481   Thumb Code   226  user_usart.o(i.AtDebugDo)
    BSP_Cheak_HKJ_15C                        0x08001621   Thumb Code    30  hkj15c.o(i.BSP_Cheak_HKJ_15C)
    BSP_Cheak_JY_901                         0x0800163f   Thumb Code    24  jy901.o(i.BSP_Cheak_JY_901)
    BSP_GET_HKJ_15C_V1_0                     0x08001659   Thumb Code   188  hkj15c.o(i.BSP_GET_HKJ_15C_V1_0)
    BSP_GET_HKJ_JY_901_V1_0                  0x080017bd   Thumb Code   340  jy901.o(i.BSP_GET_HKJ_JY_901_V1_0)
    BSP_HKJ_15C_Cfg                          0x08001925   Thumb Code    36  hkj15c.o(i.BSP_HKJ_15C_Cfg)
    BSP_HKJ_15C_Date                         0x08001955   Thumb Code    32  hkj15c.o(i.BSP_HKJ_15C_Date)
    BSP_HKJ_15C_ID                           0x08001981   Thumb Code    32  hkj15c.o(i.BSP_HKJ_15C_ID)
    BSP_HKJ_15C_Init                         0x080019ad   Thumb Code   112  hkj15c.o(i.BSP_HKJ_15C_Init)
    BSP_HKJ_15C_Start                        0x08001a91   Thumb Code    32  hkj15c.o(i.BSP_HKJ_15C_Start)
    BSP_HKJ_15C_printf                       0x08001abd   Thumb Code    88  hkj15c.o(i.BSP_HKJ_15C_printf)
    BSP_JY_901_Init                          0x08001b49   Thumb Code    62  jy901.o(i.BSP_JY_901_Init)
    BSP_JY_901_printf                        0x08001bf9   Thumb Code    88  jy901.o(i.BSP_JY_901_printf)
    BSP_NewlineString_printf                 0x08001c85   Thumb Code    52  user_usart.o(i.BSP_NewlineString_printf)
    BSP_QueueSend                            0x08001cf9   Thumb Code    38  protocoldata.o(i.BSP_QueueSend)
    BSP_RTCEx_BKUPRead                       0x08001d25   Thumb Code   206  user_rtc.o(i.BSP_RTCEx_BKUPRead)
    BSP_Receive_HKJ_15C                      0x08001e55   Thumb Code   124  hkj15c.o(i.BSP_Receive_HKJ_15C)
    BSP_Receive_JY_901                       0x08001ed5   Thumb Code   120  jy901.o(i.BSP_Receive_JY_901)
    BSP_Receive_NewlineString                0x08001f51   Thumb Code   152  user_usart.o(i.BSP_Receive_NewlineString)
    BSP_UART_IRQHandler                      0x08001fe9   Thumb Code    34  user_usart.o(i.BSP_UART_IRQHandler)
    BSP_UART_RxCpltCallback                  0x0800200d   Thumb Code    90  user_usart.o(i.BSP_UART_RxCpltCallback)
    BSP_localtime                            0x08002085   Thumb Code    76  user_rtc.o(i.BSP_localtime)
    BSP_mktime                               0x080020dd   Thumb Code    60  user_rtc.o(i.BSP_mktime)
    CalU8CRC                                 0x0800214d   Thumb Code    32  protocoldata.o(i.CalU8CRC)
    Change_Run_State                         0x0800216d   Thumb Code    16  adxl345.o(i.Change_Run_State)
    DelayGetInterval                         0x08002181   Thumb Code    20  protocoldata.o(i.DelayGetInterval)
    DelayTimeOut                             0x08002195   Thumb Code    38  protocoldata.o(i.DelayTimeOut)
    Drivers_Init                             0x080021bd   Thumb Code   108  app.o(i.Drivers_Init)
    Drivers_Init_AD8223                      0x0800227d   Thumb Code    34  app.o(i.Drivers_Init_AD8223)
    EXTI15_10_IRQHandler                     0x080022b1   Thumb Code     8  stm32l1xx_it.o(i.EXTI15_10_IRQHandler)
    EXTI4_IRQHandler                         0x080022b9   Thumb Code     6  stm32l1xx_it.o(i.EXTI4_IRQHandler)
    EXTI9_5_IRQHandler                       0x080022bf   Thumb Code    28  stm32l1xx_it.o(i.EXTI9_5_IRQHandler)
    Error_Handler                            0x080022db   Thumb Code     4  main.o(i.Error_Handler)
    FLASH_WaitForLastOperation               0x080025b9   Thumb Code    80  stm32l1xx_hal_flash.o(i.FLASH_WaitForLastOperation)
    Get_AD8223_ConnectStatus                 0x0800260d   Thumb Code   140  user_gpio.o(i.Get_AD8223_ConnectStatus)
    Get_Adc                                  0x080026a1   Thumb Code    44  user_adc.o(i.Get_Adc)
    Get_RunStatus                            0x080026d1   Thumb Code    94  user_gpio.o(i.Get_RunStatus)
    Get_random                               0x08002739   Thumb Code    26  task_upload.o(i.Get_random)
    HAL_ADCEx_InjectedStart                  0x0800275d   Thumb Code   116  stm32l1xx_hal_adc_ex.o(i.HAL_ADCEx_InjectedStart)
    HAL_ADC_ConfigChannel                    0x08002811   Thumb Code   620  stm32l1xx_hal_adc.o(i.HAL_ADC_ConfigChannel)
    HAL_ADC_GetValue                         0x08002ac5   Thumb Code    28  stm32l1xx_hal_adc.o(i.HAL_ADC_GetValue)
    HAL_ADC_Init                             0x08002b1d   Thumb Code   846  stm32l1xx_hal_adc.o(i.HAL_ADC_Init)
    HAL_ADC_MspInit                          0x08002ebd   Thumb Code    84  adc.o(i.HAL_ADC_MspInit)
    HAL_ADC_PollForConversion                0x08002f1d   Thumb Code   186  stm32l1xx_hal_adc.o(i.HAL_ADC_PollForConversion)
    HAL_ADC_Start                            0x08003015   Thumb Code   136  stm32l1xx_hal_adc.o(i.HAL_ADC_Start)
    HAL_DMA_Abort_IT                         0x080030d9   Thumb Code    78  stm32l1xx_hal_dma.o(i.HAL_DMA_Abort_IT)
    HAL_Delay                                0x08003129   Thumb Code    32  stm32l1xx_hal.o(i.HAL_Delay)
    HAL_FLASHEx_DATAEEPROM_Erase             0x0800314d   Thumb Code    98  stm32l1xx_hal_flash_ex.o(i.HAL_FLASHEx_DATAEEPROM_Erase)
    HAL_FLASHEx_DATAEEPROM_Lock              0x080031f9   Thumb Code    14  stm32l1xx_hal_flash_ex.o(i.HAL_FLASHEx_DATAEEPROM_Lock)
    HAL_FLASHEx_DATAEEPROM_Program           0x0800320d   Thumb Code   234  stm32l1xx_hal_flash_ex.o(i.HAL_FLASHEx_DATAEEPROM_Program)
    HAL_FLASHEx_DATAEEPROM_Unlock            0x08003385   Thumb Code    28  stm32l1xx_hal_flash_ex.o(i.HAL_FLASHEx_DATAEEPROM_Unlock)
    HAL_GPIO_EXTI_Callback                   0x080033ad   Thumb Code    66  user_gpio.o(i.HAL_GPIO_EXTI_Callback)
    HAL_GPIO_EXTI_IRQHandler                 0x08003459   Thumb Code    18  stm32l1xx_hal_gpio.o(i.HAL_GPIO_EXTI_IRQHandler)
    HAL_GPIO_Init                            0x08003471   Thumb Code   584  stm32l1xx_hal_gpio.o(i.HAL_GPIO_Init)
    HAL_GPIO_ReadPin                         0x08003731   Thumb Code    28  stm32l1xx_hal_gpio.o(i.HAL_GPIO_ReadPin)
    HAL_GPIO_TogglePin                       0x08003789   Thumb Code    34  stm32l1xx_hal_gpio.o(i.HAL_GPIO_TogglePin)
    HAL_GPIO_WritePin                        0x080037e9   Thumb Code    46  stm32l1xx_hal_gpio.o(i.HAL_GPIO_WritePin)
    HAL_GetTick                              0x08003855   Thumb Code     6  stm32l1xx_hal.o(i.HAL_GetTick)
    HAL_IWDG_Init                            0x08003861   Thumb Code   148  stm32l1xx_hal_iwdg.o(i.HAL_IWDG_Init)
    HAL_IWDG_Refresh                         0x08003935   Thumb Code    12  stm32l1xx_hal_iwdg.o(i.HAL_IWDG_Refresh)
    HAL_IncTick                              0x08003941   Thumb Code    12  stm32l1xx_hal.o(i.HAL_IncTick)
    HAL_Init                                 0x08003951   Thumb Code    30  stm32l1xx_hal.o(i.HAL_Init)
    HAL_InitTick                             0x08003971   Thumb Code    58  stm32l1xx_hal.o(i.HAL_InitTick)
    HAL_MspInit                              0x080039b5   Thumb Code    66  stm32l1xx_hal_msp.o(i.HAL_MspInit)
    HAL_NVIC_EnableIRQ                       0x080039fd   Thumb Code    40  stm32l1xx_hal_cortex.o(i.HAL_NVIC_EnableIRQ)
    HAL_NVIC_SetPriority                     0x08003a61   Thumb Code    92  stm32l1xx_hal_cortex.o(i.HAL_NVIC_SetPriority)
    HAL_NVIC_SetPriorityGrouping             0x08003afd   Thumb Code    58  stm32l1xx_hal_cortex.o(i.HAL_NVIC_SetPriorityGrouping)
    HAL_RCCEx_PeriphCLKConfig                0x08003b7d   Thumb Code   346  stm32l1xx_hal_rcc_ex.o(i.HAL_RCCEx_PeriphCLKConfig)
    HAL_RCC_ClockConfig                      0x08003d2d   Thumb Code   562  stm32l1xx_hal_rcc.o(i.HAL_RCC_ClockConfig)
    HAL_RCC_GetPCLK1Freq                     0x08003fad   Thumb Code    20  stm32l1xx_hal_rcc.o(i.HAL_RCC_GetPCLK1Freq)
    HAL_RCC_GetPCLK2Freq                     0x08003fcd   Thumb Code    20  stm32l1xx_hal_rcc.o(i.HAL_RCC_GetPCLK2Freq)
    HAL_RCC_GetSysClockFreq                  0x08003fed   Thumb Code    86  stm32l1xx_hal_rcc.o(i.HAL_RCC_GetSysClockFreq)
    HAL_RCC_OscConfig                        0x08004051   Thumb Code  1528  stm32l1xx_hal_rcc.o(i.HAL_RCC_OscConfig)
    HAL_RTCEx_AlarmBEventCallback            0x0800464d   Thumb Code    28  user_rtc.o(i.HAL_RTCEx_AlarmBEventCallback)
    HAL_RTCEx_BKUPRead                       0x080046ad   Thumb Code    30  stm32l1xx_hal_rtc_ex.o(i.HAL_RTCEx_BKUPRead)
    HAL_RTCEx_BKUPWrite                      0x08004709   Thumb Code    32  stm32l1xx_hal_rtc_ex.o(i.HAL_RTCEx_BKUPWrite)
    HAL_RTCEx_WakeUpTimerEventCallback       0x08004765   Thumb Code    28  user_rtc.o(i.HAL_RTCEx_WakeUpTimerEventCallback)
    HAL_RTCEx_WakeUpTimerIRQHandler          0x080047c9   Thumb Code    46  stm32l1xx_hal_rtc_ex.o(i.HAL_RTCEx_WakeUpTimerIRQHandler)
    HAL_RTC_AlarmAEventCallback              0x080047fd   Thumb Code    28  user_rtc.o(i.HAL_RTC_AlarmAEventCallback)
    HAL_RTC_AlarmIRQHandler                  0x0800485d   Thumb Code    86  stm32l1xx_hal_rtc.o(i.HAL_RTC_AlarmIRQHandler)
    HAL_RTC_GetDate                          0x080048b9   Thumb Code    82  stm32l1xx_hal_rtc.o(i.HAL_RTC_GetDate)
    HAL_RTC_GetTime                          0x08004949   Thumb Code    86  stm32l1xx_hal_rtc.o(i.HAL_RTC_GetTime)
    HAL_RTC_Init                             0x080049dd   Thumb Code   284  stm32l1xx_hal_rtc.o(i.HAL_RTC_Init)
    HAL_RTC_MspInit                          0x08004b39   Thumb Code    54  rtc.o(i.HAL_RTC_MspInit)
    HAL_RTC_SetAlarm_IT                      0x08004b79   Thumb Code   796  stm32l1xx_hal_rtc.o(i.HAL_RTC_SetAlarm_IT)
    HAL_RTC_SetDate                          0x08004ed1   Thumb Code   378  stm32l1xx_hal_rtc.o(i.HAL_RTC_SetDate)
    HAL_RTC_SetTime                          0x08005089   Thumb Code   468  stm32l1xx_hal_rtc.o(i.HAL_RTC_SetTime)
    HAL_RTC_WaitForSynchro                   0x08005299   Thumb Code    52  stm32l1xx_hal_rtc.o(i.HAL_RTC_WaitForSynchro)
    HAL_SPI_Init                             0x080052cd   Thumb Code   488  stm32l1xx_hal_spi.o(i.HAL_SPI_Init)
    HAL_SPI_MspInit                          0x080054f5   Thumb Code    92  spi.o(i.HAL_SPI_MspInit)
    HAL_SPI_TransmitReceive                  0x0800555d   Thumb Code   488  stm32l1xx_hal_spi.o(i.HAL_SPI_TransmitReceive)
    HAL_SYSTICK_Config                       0x0800577d   Thumb Code    40  stm32l1xx_hal_cortex.o(i.HAL_SYSTICK_Config)
    HAL_UART_ErrorCallback                   0x080057a5   Thumb Code     2  stm32l1xx_hal_uart.o(i.HAL_UART_ErrorCallback)
    HAL_UART_GetState                        0x080057a7   Thumb Code    10  stm32l1xx_hal_uart.o(i.HAL_UART_GetState)
    HAL_UART_IRQHandler                      0x080057b1   Thumb Code   270  stm32l1xx_hal_uart.o(i.HAL_UART_IRQHandler)
    HAL_UART_Init                            0x080058c5   Thumb Code   224  stm32l1xx_hal_uart.o(i.HAL_UART_Init)
    HAL_UART_MspInit                         0x080059ed   Thumb Code   180  usart.o(i.HAL_UART_MspInit)
    HAL_UART_Receive_IT                      0x08005ab1   Thumb Code    82  stm32l1xx_hal_uart.o(i.HAL_UART_Receive_IT)
    HAL_UART_RxCpltCallback                  0x08005b03   Thumb Code     4  user_usart.o(i.HAL_UART_RxCpltCallback)
    HAL_UART_Transmit                        0x08005b07   Thumb Code   186  stm32l1xx_hal_uart.o(i.HAL_UART_Transmit)
    HAL_UART_TxCpltCallback                  0x08005bc1   Thumb Code     2  stm32l1xx_hal_uart.o(i.HAL_UART_TxCpltCallback)
    IIC1_Ack                                 0x08005bc3   Thumb Code    38  user_i2c_m.o(i.IIC1_Ack)
    IIC1_Init                                0x08005be9   Thumb Code    58  user_i2c_m.o(i.IIC1_Init)
    IIC1_NAck                                0x08005c31   Thumb Code    38  user_i2c_m.o(i.IIC1_NAck)
    IIC1_ReadReg                             0x08005c57   Thumb Code    62  user_i2c_m.o(i.IIC1_ReadReg)
    IIC1_Read_Byte                           0x08005c95   Thumb Code    70  user_i2c_m.o(i.IIC1_Read_Byte)
    IIC1_SCL_H                               0x08005cdd   Thumb Code    10  user_i2c_m.o(i.IIC1_SCL_H)
    IIC1_SCL_L                               0x08005ced   Thumb Code    10  user_i2c_m.o(i.IIC1_SCL_L)
    IIC1_SDA_H                               0x08005cfd   Thumb Code    10  user_i2c_m.o(i.IIC1_SDA_H)
    IIC1_SDA_IN                              0x08005d0d   Thumb Code    18  user_i2c_m.o(i.IIC1_SDA_IN)
    IIC1_SDA_L                               0x08005d29   Thumb Code    10  user_i2c_m.o(i.IIC1_SDA_L)
    IIC1_SDA_OUT                             0x08005d39   Thumb Code    18  user_i2c_m.o(i.IIC1_SDA_OUT)
    IIC1_SDA_Read                            0x08005d55   Thumb Code     8  user_i2c_m.o(i.IIC1_SDA_Read)
    IIC1_Send_Byte                           0x08005d61   Thumb Code    68  user_i2c_m.o(i.IIC1_Send_Byte)
    IIC1_Start                               0x08005da5   Thumb Code    38  user_i2c_m.o(i.IIC1_Start)
    IIC1_Stop                                0x08005dcb   Thumb Code    38  user_i2c_m.o(i.IIC1_Stop)
    IIC1_Wait_Ack                            0x08005df1   Thumb Code    62  user_i2c_m.o(i.IIC1_Wait_Ack)
    IIC1_WriteReg                            0x08005e2f   Thumb Code    50  user_i2c_m.o(i.IIC1_WriteReg)
    IIC2_Ack                                 0x08005e61   Thumb Code    38  user_i2c_m.o(i.IIC2_Ack)
    IIC2_Init                                0x08005e89   Thumb Code    60  user_i2c_m.o(i.IIC2_Init)
    IIC2_NAck                                0x08005ed1   Thumb Code    38  user_i2c_m.o(i.IIC2_NAck)
    IIC2_ReadReg                             0x08005ef7   Thumb Code    62  user_i2c_m.o(i.IIC2_ReadReg)
    IIC2_Read_Byte                           0x08005f35   Thumb Code    70  user_i2c_m.o(i.IIC2_Read_Byte)
    IIC2_SCL_H                               0x08005f7d   Thumb Code    10  user_i2c_m.o(i.IIC2_SCL_H)
    IIC2_SCL_L                               0x08005f8d   Thumb Code    12  user_i2c_m.o(i.IIC2_SCL_L)
    IIC2_SDA_H                               0x08005f9d   Thumb Code    10  user_i2c_m.o(i.IIC2_SDA_H)
    IIC2_SDA_IN                              0x08005fad   Thumb Code    20  user_i2c_m.o(i.IIC2_SDA_IN)
    IIC2_SDA_L                               0x08005fc9   Thumb Code    12  user_i2c_m.o(i.IIC2_SDA_L)
    IIC2_SDA_OUT                             0x08005fd9   Thumb Code    20  user_i2c_m.o(i.IIC2_SDA_OUT)
    IIC2_SDA_Read                            0x08005ff5   Thumb Code    10  user_i2c_m.o(i.IIC2_SDA_Read)
    IIC2_Send_Byte                           0x08006005   Thumb Code    68  user_i2c_m.o(i.IIC2_Send_Byte)
    IIC2_Start                               0x08006049   Thumb Code    38  user_i2c_m.o(i.IIC2_Start)
    IIC2_Stop                                0x0800606f   Thumb Code    38  user_i2c_m.o(i.IIC2_Stop)
    IIC2_Wait_Ack                            0x08006095   Thumb Code    62  user_i2c_m.o(i.IIC2_Wait_Ack)
    IIC2_WriteReg                            0x080060d3   Thumb Code    50  user_i2c_m.o(i.IIC2_WriteReg)
    IsStartWithSrc2                          0x08006105   Thumb Code    56  protocoldata.o(i.IsStartWithSrc2)
    IsStartWithSrc3                          0x0800613d   Thumb Code    76  protocoldata.o(i.IsStartWithSrc3)
    KEY_Do                                   0x08006189   Thumb Code   150  user_gpio.o(i.KEY_Do)
    KEY_Scan                                 0x080062a5   Thumb Code   130  user_gpio.o(i.KEY_Scan)
    LED1_DO                                  0x0800635d   Thumb Code    40  user_gpio.o(i.LED1_DO)
    LED2_DO                                  0x0800638d   Thumb Code    38  user_gpio.o(i.LED2_DO)
    Led1_Sate_Run                            0x080063b9   Thumb Code   122  user_gpio.o(i.Led1_Sate_Run)
    Led2_Sate_Run                            0x0800643d   Thumb Code   126  user_gpio.o(i.Led2_Sate_Run)
    Led_Run_times                            0x080064c5   Thumb Code    52  user_gpio.o(i.Led_Run_times)
    Led_Sate_Run                             0x080064fd   Thumb Code    60  user_gpio.o(i.Led_Sate_Run)
    MX_FREERTOS_Init                         0x08006541   Thumb Code    30  freertos.o(i.MX_FREERTOS_Init)
    MX_GPIO_Init                             0x08006569   Thumb Code   390  gpio.o(i.MX_GPIO_Init)
    MX_Struct_Test                           0x08006709   Thumb Code   186  user_usart.o(i.MX_Struct_Test)
    MYabs                                    0x08006949   Thumb Code    12  protocoldata.o(i.MYabs)
    MyMemcmp                                 0x08006955   Thumb Code    32  protocoldata.o(i.MyMemcmp)
    NRF24L01_Check                           0x08006975   Thumb Code    54  nrf24l01.o(i.NRF24L01_Check)
    NRF24L01_Read_Buf                        0x080069b1   Thumb Code    90  nrf24l01.o(i.NRF24L01_Read_Buf)
    NRF24L01_Read_Reg                        0x08006a15   Thumb Code    64  nrf24l01.o(i.NRF24L01_Read_Reg)
    NRF24L01_RxMode1                         0x08006a5d   Thumb Code    50  nrf24l01.o(i.NRF24L01_RxMode1)
    NRF24L01_RxPacket1                       0x08006a99   Thumb Code   116  nrf24l01.o(i.NRF24L01_RxPacket1)
    NRF24L01_TxMode1                         0x08006b49   Thumb Code    38  nrf24l01.o(i.NRF24L01_TxMode1)
    NRF24L01_TxPacket1                       0x08006b79   Thumb Code   108  nrf24l01.o(i.NRF24L01_TxPacket1)
    NRF24L01_TxPacket1_AP                    0x08006be9   Thumb Code     2  nrf24l01.o(i.NRF24L01_TxPacket1_AP)
    NRF24L01_Write_Buf                       0x08006bed   Thumb Code    96  nrf24l01.o(i.NRF24L01_Write_Buf)
    NRF24L01_Write_Reg                       0x08006c55   Thumb Code    58  nrf24l01.o(i.NRF24L01_Write_Reg)
    NRF24L_Init                              0x08006c99   Thumb Code   214  nrf24l01.o(i.NRF24L_Init)
    NRF24_MspInit                            0x08006de9   Thumb Code   238  nrf24l01.o(i.NRF24_MspInit)
    Parameter_Init                           0x08006ee1   Thumb Code   130  app.o(i.Parameter_Init)
    Parameter_Save                           0x08006fb1   Thumb Code    58  app.o(i.Parameter_Save)
    Pedometer                                0x08007029   Thumb Code    92  filter.o(i.Pedometer)
    RTC_Alarm_IRQHandler                     0x0800710d   Thumb Code     6  stm32l1xx_it.o(i.RTC_Alarm_IRQHandler)
    RTC_Bcd2ToByte                           0x08007119   Thumb Code    18  stm32l1xx_hal_rtc.o(i.RTC_Bcd2ToByte)
    RTC_ByteToBcd2                           0x0800712b   Thumb Code    22  stm32l1xx_hal_rtc.o(i.RTC_ByteToBcd2)
    RTC_EnterInitMode                        0x08007141   Thumb Code    56  stm32l1xx_hal_rtc.o(i.RTC_EnterInitMode)
    RTC_Get                                  0x08007179   Thumb Code   156  user_rtc.o(i.RTC_Get)
    RTC_Set                                  0x08007225   Thumb Code   132  user_rtc.o(i.RTC_Set)
    RTC_Set_Alarm                            0x080072b9   Thumb Code    52  user_rtc.o(i.RTC_Set_Alarm)
    RTC_WKUP_IRQHandler                      0x080072f1   Thumb Code     6  stm32l1xx_it.o(i.RTC_WKUP_IRQHandler)
    STMEEPROM_Read                           0x0800740d   Thumb Code    22  user_stmflash.o(i.STMEEPROM_Read)
    STMEEPROM_Write                          0x08007429   Thumb Code    48  user_stmflash.o(i.STMEEPROM_Write)
    StartDefaultTask                         0x0800745d   Thumb Code     8  freertos.o(i.StartDefaultTask)
    StatusChange                             0x08007465   Thumb Code    28  user_gpio.o(i.StatusChange)
    SysTick_Handler                          0x08007481   Thumb Code    24  stm32l1xx_it.o(i.SysTick_Handler)
    SystemClock_Config                       0x08007499   Thumb Code   136  main.o(i.SystemClock_Config)
    SystemInit                               0x08007525   Thumb Code    10  system_stm32l1xx.o(i.SystemInit)
    Task_AD8223                              0x08007535   Thumb Code    90  task_ad8223.o(i.Task_AD8223)
    Task_AD8223_Create                       0x080075d1   Thumb Code    66  task_ad8223.o(i.Task_AD8223_Create)
    Task_Base                                0x08007639   Thumb Code   390  app.o(i.Task_Base)
    Task_Base_Create                         0x0800789d   Thumb Code    66  app.o(i.Task_Base_Create)
    Task_Create                              0x08007905   Thumb Code    74  app.o(i.Task_Create)
    Task_produce                             0x08007955   Thumb Code   228  task_produce.o(i.Task_produce)
    Task_produce_Create                      0x08007ad1   Thumb Code    24  task_produce.o(i.Task_produce_Create)
    Task_upload_Create                       0x08007b89   Thumb Code    36  task_upload.o(i.Task_upload_Create)
    Time_AD822                               0x08007bc1   Thumb Code     4  task_ad8223.o(i.Time_AD822)
    Time_Base                                0x08007bc5   Thumb Code    38  app.o(i.Time_Base)
    USART1_IRQHandler                        0x08007f29   Thumb Code    22  stm32l1xx_it.o(i.USART1_IRQHandler)
    USART2_IRQHandler                        0x08007f49   Thumb Code    22  stm32l1xx_it.o(i.USART2_IRQHandler)
    Upload_Data_Check_V_0                    0x08007f69   Thumb Code    50  protocoldata.o(i.Upload_Data_Check_V_0)
    Upload_calculation_init                  0x08007fcd   Thumb Code    32  task_upload.o(i.Upload_calculation_init)
    Upload_pack                              0x08007ff1   Thumb Code   158  task_upload.o(i.Upload_pack)
    User_AD8223_init                         0x080080f1   Thumb Code   140  user_gpio.o(i.User_AD8223_init)
    User_Adc_Init                            0x08008189   Thumb Code    68  user_adc.o(i.User_Adc_Init)
    User_Iwdg_Init                           0x080081cd   Thumb Code    34  user_iwdg.o(i.User_Iwdg_Init)
    User_RTC_Init                            0x080081f9   Thumb Code    38  user_rtc.o(i.User_RTC_Init)
    User_SPI_Init                            0x08008229   Thumb Code    44  user_spi.o(i.User_SPI_Init)
    User_USART_Init                          0x08008255   Thumb Code    74  user_usart.o(i.User_USART_Init)
    __0printf$8                              0x080082ad   Thumb Code    22  printf8.o(i.__0printf$8)
    __1printf$8                              0x080082ad   Thumb Code     0  printf8.o(i.__0printf$8)
    __2printf                                0x080082ad   Thumb Code     0  printf8.o(i.__0printf$8)
    __0sprintf$8                             0x080082cd   Thumb Code    34  printf8.o(i.__0sprintf$8)
    __1sprintf$8                             0x080082cd   Thumb Code     0  printf8.o(i.__0sprintf$8)
    __2sprintf                               0x080082cd   Thumb Code     0  printf8.o(i.__0sprintf$8)
    __aeabi_errno_addr                       0x08008315   Thumb Code     4  errno.o(i.__aeabi_errno_addr)
    __rt_errno_addr                          0x08008315   Thumb Code     0  errno.o(i.__aeabi_errno_addr)
    __scatterload_copy                       0x0800831d   Thumb Code    14  handlers.o(i.__scatterload_copy)
    __scatterload_null                       0x0800832b   Thumb Code     2  handlers.o(i.__scatterload_null)
    __scatterload_zeroinit                   0x0800832d   Thumb Code    14  handlers.o(i.__scatterload_zeroinit)
    adxl345_read                             0x080087a9   Thumb Code     8  adxl345.o(i.adxl345_read)
    adxl345_write                            0x080087b1   Thumb Code     4  adxl345.o(i.adxl345_write)
    assert_failed                            0x080087b5   Thumb Code     2  main.o(i.assert_failed)
    axp173_init                              0x080087b9   Thumb Code   212  axp173.o(i.axp173_init)
    axp173_poweroff                          0x080088f9   Thumb Code    26  axp173.o(i.axp173_poweroff)
    axp173_read                              0x08008913   Thumb Code     8  axp173.o(i.axp173_read)
    axp173_write                             0x0800891b   Thumb Code     4  axp173.o(i.axp173_write)
    delay_us                                 0x0800891f   Thumb Code    14  protocoldata.o(i.delay_us)
    fputc                                    0x08008b41   Thumb Code    32  user_usart.o(i.fputc)
    getCurrent                               0x08008b69   Thumb Code    44  axp173.o(i.getCurrent)
    getVoltage                               0x08008b95   Thumb Code    44  axp173.o(i.getVoltage)
    ldo2_enable                              0x08008c51   Thumb Code    26  axp173.o(i.ldo2_enable)
    ldo3_enable                              0x08008c6b   Thumb Code    26  axp173.o(i.ldo3_enable)
    ldo4_disable                             0x08008c85   Thumb Code    26  axp173.o(i.ldo4_disable)
    ldo4_enable                              0x08008c9f   Thumb Code    26  axp173.o(i.ldo4_enable)
    led_off                                  0x08008cb9   Thumb Code    10  user_gpio.o(i.led_off)
    led_on                                   0x08008cc9   Thumb Code    10  user_gpio.o(i.led_on)
    main                                     0x08008cd9   Thumb Code    26  main.o(i.main)
    osDelay                                  0x08008cff   Thumb Code    14  cmsis_os.o(i.osDelay)
    osKernelStart                            0x08008d0d   Thumb Code    10  cmsis_os.o(i.osKernelStart)
    osThreadCreate                           0x08008d17   Thumb Code    84  cmsis_os.o(i.osThreadCreate)
    pvPortMalloc                             0x0800957d   Thumb Code   210  heap_4.o(i.pvPortMalloc)
    pxPortInitialiseStack                    0x08009655   Thumb Code    32  port.o(i.pxPortInitialiseStack)
    upload_Queue_send                        0x08009705   Thumb Code   314  task_upload.o(i.upload_Queue_send)
    uxListRemove                             0x08009889   Thumb Code    38  list.o(i.uxListRemove)
    vApplicationGetIdleTaskMemory            0x080098b1   Thumb Code    16  freertos.o(i.vApplicationGetIdleTaskMemory)
    vApplicationGetTimerTaskMemory           0x080098c5   Thumb Code    16  freertos.o(i.vApplicationGetTimerTaskMemory)
    vListInitialise                          0x080098d9   Thumb Code    22  list.o(i.vListInitialise)
    vListInitialiseItem                      0x080098ef   Thumb Code     6  list.o(i.vListInitialiseItem)
    vListInsert                              0x080098f5   Thumb Code    48  list.o(i.vListInsert)
    vListInsertEnd                           0x08009925   Thumb Code    24  list.o(i.vListInsertEnd)
    vPortEnterCritical                       0x0800993d   Thumb Code    54  port.o(i.vPortEnterCritical)
    vPortExitCritical                        0x0800997d   Thumb Code    34  port.o(i.vPortExitCritical)
    vPortFree                                0x080099a5   Thumb Code    88  heap_4.o(i.vPortFree)
    vPortSetupTimerInterrupt                 0x08009a01   Thumb Code    32  port.o(i.vPortSetupTimerInterrupt)
    vPortValidateInterruptPriority           0x08009a25   Thumb Code    74  port.o(i.vPortValidateInterruptPriority)
    vQueueAddToRegistry                      0x08009a79   Thumb Code    32  queue.o(i.vQueueAddToRegistry)
    vQueueWaitForMessageRestricted           0x08009a9d   Thumb Code    68  queue.o(i.vQueueWaitForMessageRestricted)
    vTaskDelay                               0x08009ae1   Thumb Code    66  tasks.o(i.vTaskDelay)
    vTaskDelayUntil                          0x08009b2d   Thumb Code   136  tasks.o(i.vTaskDelayUntil)
    vTaskInternalSetTimeOutState             0x08009bbd   Thumb Code    12  tasks.o(i.vTaskInternalSetTimeOutState)
    vTaskMissedYield                         0x08009bcd   Thumb Code     8  tasks.o(i.vTaskMissedYield)
    vTaskPlaceOnEventList                    0x08009bd9   Thumb Code    44  tasks.o(i.vTaskPlaceOnEventList)
    vTaskPlaceOnEventListRestricted          0x08009c09   Thumb Code    52  tasks.o(i.vTaskPlaceOnEventListRestricted)
    vTaskStartScheduler                      0x08009c41   Thumb Code   116  tasks.o(i.vTaskStartScheduler)
    vTaskSuspendAll                          0x08009cc5   Thumb Code    10  tasks.o(i.vTaskSuspendAll)
    vTaskSwitchContext                       0x08009cd5   Thumb Code    82  tasks.o(i.vTaskSwitchContext)
    xPortStartScheduler                      0x08009d31   Thumb Code   156  port.o(i.xPortStartScheduler)
    xPortSysTickHandler                      0x08009dd9   Thumb Code    38  port.o(i.xPortSysTickHandler)
    xQueueGenericCreate                      0x08009e05   Thumb Code    72  queue.o(i.xQueueGenericCreate)
    xQueueGenericCreateStatic                0x08009e4d   Thumb Code   102  queue.o(i.xQueueGenericCreateStatic)
    xQueueGenericReset                       0x08009eb5   Thumb Code   132  queue.o(i.xQueueGenericReset)
    xQueueGenericSend                        0x08009f3d   Thumb Code   350  queue.o(i.xQueueGenericSend)
    xQueueGenericSendFromISR                 0x0800a0a1   Thumb Code   188  queue.o(i.xQueueGenericSendFromISR)
    xQueueReceive                            0x0800a15d   Thumb Code   308  queue.o(i.xQueueReceive)
    xTaskCheckForTimeOut                     0x0800a295   Thumb Code   112  tasks.o(i.xTaskCheckForTimeOut)
    xTaskCreate                              0x0800a309   Thumb Code    90  tasks.o(i.xTaskCreate)
    xTaskCreateStatic                        0x0800a363   Thumb Code    90  tasks.o(i.xTaskCreateStatic)
    xTaskGetSchedulerState                   0x0800a3bd   Thumb Code    22  tasks.o(i.xTaskGetSchedulerState)
    xTaskGetTickCount                        0x0800a3d9   Thumb Code     6  tasks.o(i.xTaskGetTickCount)
    xTaskIncrementTick                       0x0800a3e5   Thumb Code   192  tasks.o(i.xTaskIncrementTick)
    xTaskPriorityDisinherit                  0x0800a4ad   Thumb Code   144  tasks.o(i.xTaskPriorityDisinherit)
    xTaskRemoveFromEventList                 0x0800a545   Thumb Code   108  tasks.o(i.xTaskRemoveFromEventList)
    xTaskResumeAll                           0x0800a5b9   Thumb Code   182  tasks.o(i.xTaskResumeAll)
    xTimerCreate                             0x0800a67d   Thumb Code    52  timers.o(i.xTimerCreate)
    xTimerCreateTimerTask                    0x0800a6b1   Thumb Code    78  timers.o(i.xTimerCreateTimerTask)
    xTimerGenericCommand                     0x0800a711   Thumb Code    88  timers.o(i.xTimerGenericCommand)
    defmin                                   0x0800a9f0   Data           6  filter.o(.constdata)
    defmax                                   0x0800a9f6   Data           6  filter.o(.constdata)
    PLLMulTable                              0x0800aa24   Data           9  system_stm32l1xx.o(.constdata)
    AHBPrescTable                            0x0800aa2d   Data          16  system_stm32l1xx.o(.constdata)
    APBPrescTable                            0x0800aa3d   Data           8  system_stm32l1xx.o(.constdata)
    __ctype_table                            0x0800aa5d   Data         129  ctype_o.o(.constdata)
    Region$$Table$$Base                      0x0800ad48   Number         0  anon$$obj.o(Region$$Table)
    Region$$Table$$Limit                     0x0800ad68   Number         0  anon$$obj.o(Region$$Table)
    Task_Base_Handler                        0x20000000   Data           4  app.o(.data)
    Time_Base_Handler                        0x20000004   Data           4  app.o(.data)
    Timer_count                              0x20000008   Data           4  app.o(.data)
    informationdef                           0x2000000c   Data          57  app.o(.data)
    upload_Handler                           0x20000048   Data           4  task_upload.o(.data)
    upload_Queue                             0x2000004c   Data           4  task_upload.o(.data)
    produce_Handler                          0x20000050   Data           4  task_produce.o(.data)
    Task_AD8223_Handler                      0x20000054   Data           4  task_ad8223.o(.data)
    Time_AD8223_Handler                      0x20000058   Data           4  task_ad8223.o(.data)
    AD8223_ConnectStatus                     0x20000060   Data           1  user_gpio.o(.data)
    Led_Sate_cout                            0x20000061   Data           1  user_gpio.o(.data)
    Uart1_HAL_Buffer                         0x2000007c   Data           1  user_usart.o(.data)
    Uart2_HAL_Buffer                         0x2000007d   Data           1  user_usart.o(.data)
    AtDebug                                  0x20000084   Data          50  user_usart.o(.data)
    AtDebugVar                               0x200000b6   Data         100  user_usart.o(.data)
    JY_901_Queue                             0x20000120   Data           4  jy901.o(.data)
    walkSta                                  0x20000124   Data           1  adxl345.o(.data)
    walkOkSta                                0x20000125   Data           1  adxl345.o(.data)
    pSta                                     0x20000126   Data           1  adxl345.o(.data)
    lastPos                                  0x20000130   Data           4  adxl345.o(.data)
    newMax                                   0x20000134   Data           4  adxl345.o(.data)
    newMin                                   0x20000138   Data           4  adxl345.o(.data)
    lastTime                                 0x2000013c   Data           4  adxl345.o(.data)
    stepOK                                   0x20000140   Data           4  adxl345.o(.data)
    stepCount                                0x20000144   Data           4  adxl345.o(.data)
    Counter                                  0x20000158   Data          88  adxl345.o(.data)
    TX_RX_ADDR                               0x200001b0   Data          30  nrf24l01.o(.data)
    step_cntt                                0x200001d0   Data           4  filter.o(.data)
    sample                                   0x20000230   Data           6  filter.o(.data)
    peak                                     0x20000236   Data          24  filter.o(.data)
    defaultTaskHandle                        0x20000250   Data           4  freertos.o(.data)
    uwTickPrio                               0x20000254   Data           4  stm32l1xx_hal.o(.data)
    uwTickFreq                               0x20000258   Data           4  stm32l1xx_hal.o(.data)
    uwTick                                   0x2000025c   Data           4  stm32l1xx_hal.o(.data)
    SystemCoreClock                          0x20000260   Data           4  system_stm32l1xx.o(.data)
    pxCurrentTCB                             0x20000264   Data           4  tasks.o(.data)
    __stdout                                 0x200002d8   Data           4  stdout.o(.data)
    globalvariable                           0x200002e0   Data          22  app.o(.bss)
    information                              0x200002f6   Data          57  app.o(.bss)
    UploadRx                                 0x2000032f   Data          60  task_upload.o(.bss)
    GPIO_Initure_I2C1                        0x2000036c   Data          20  user_i2c_m.o(.bss)
    GPIO_Initure_I2C2                        0x20000380   Data          20  user_i2c_m.o(.bss)
    UART2_NewlineString                      0x20000394   Data          66  user_usart.o(.bss)
    UART2_HKJ_15C                            0x200003d6   Data          57  hkj15c.o(.bss)
    UART1_JY_901                             0x20000443   Data          13  jy901.o(.bss)
    hnrf                                     0x20000450   Data          68  nrf24l01.o(.bss)
    nrfRXbuff                                0x20000494   Data         256  nrf24l01.o(.bss)
    nrfTXbuff                                0x20000594   Data         256  nrf24l01.o(.bss)
    filter                                   0x20000694   Data          32  filter.o(.bss)
    slid                                     0x200006b4   Data          12  filter.o(.bss)
    hadc                                     0x20000b68   Data          84  adc.o(.bss)
    hiwdg                                    0x20000bbc   Data          12  iwdg.o(.bss)
    hrtc                                     0x20000bc8   Data          32  rtc.o(.bss)
    hspi1                                    0x20000be8   Data          88  spi.o(.bss)
    huart1                                   0x20000c40   Data          64  usart.o(.bss)
    huart2                                   0x20000c80   Data          64  usart.o(.bss)
    pFlash                                   0x20000cc0   Data          24  stm32l1xx_hal_flash.o(.bss)
    xQueueRegistry                           0x20000cd8   Data          64  queue.o(.bss)
    __initial_sp                             0x200022e8   Data           0  startup_stm32l151xb.o(STACK)



==============================================================================

Memory Map of the image

  Image Entry point : 0x080000f5

  Load Region LR_IROM1 (Base: 0x08000000, Size: 0x0000b048, Max: 0x00010000, ABSOLUTE, COMPRESSED[0x0000ae64])

    Execution Region ER_IROM1 (Exec base: 0x08000000, Load base: 0x08000000, Size: 0x0000ad68, Max: 0x00010000, ABSOLUTE)

    Exec Addr    Load Addr    Size         Type   Attr      Idx    E Section Name        Object

    0x08000000   0x08000000   0x000000f4   Data   RO            3    RESET               startup_stm32l151xb.o
    0x080000f4   0x080000f4   0x00000000   Code   RO         6988  * .ARM.Collect$$$$00000000  mc_w.l(entry.o)
    0x080000f4   0x080000f4   0x00000004   Code   RO         7331    .ARM.Collect$$$$00000001  mc_w.l(entry2.o)
    0x080000f8   0x080000f8   0x00000004   Code   RO         7334    .ARM.Collect$$$$00000004  mc_w.l(entry5.o)
    0x080000fc   0x080000fc   0x00000000   Code   RO         7336    .ARM.Collect$$$$00000008  mc_w.l(entry7b.o)
    0x080000fc   0x080000fc   0x00000000   Code   RO         7338    .ARM.Collect$$$$0000000A  mc_w.l(entry8b.o)
    0x080000fc   0x080000fc   0x00000008   Code   RO         7339    .ARM.Collect$$$$0000000B  mc_w.l(entry9a.o)
    0x08000104   0x08000104   0x00000000   Code   RO         7341    .ARM.Collect$$$$0000000D  mc_w.l(entry10a.o)
    0x08000104   0x08000104   0x00000000   Code   RO         7343    .ARM.Collect$$$$0000000F  mc_w.l(entry11a.o)
    0x08000104   0x08000104   0x00000004   Code   RO         7332    .ARM.Collect$$$$00002712  mc_w.l(entry2.o)
    0x08000108   0x08000108   0x00000096   Code   RO         6893    .emb_text           port.o
    0x0800019e   0x0800019e   0x00000002   PAD
    0x080001a0   0x080001a0   0x00000024   Code   RO            4    .text               startup_stm32l151xb.o
    0x080001c4   0x080001c4   0x00000062   Code   RO         6991    .text               mc_w.l(uldiv.o)
    0x08000226   0x08000226   0x00000002   PAD
    0x08000228   0x08000228   0x000000a8   Code   RO         6997    .text               mc_w.l(mktime.o)
    0x080002d0   0x080002d0   0x00000024   Code   RO         7000    .text               mc_w.l(memcpya.o)
    0x080002f4   0x080002f4   0x00000024   Code   RO         7004    .text               mc_w.l(memseta.o)
    0x08000318   0x08000318   0x00000024   Code   RO         7006    .text               mc_w.l(strstr.o)
    0x0800033c   0x0800033c   0x0000000e   Code   RO         7010    .text               mc_w.l(strlen.o)
    0x0800034a   0x0800034a   0x0000001a   Code   RO         7275    .text               mc_w.l(atoi.o)
    0x08000364   0x08000364   0x000000e4   Code   RO         7287    .text               mf_w.l(dmul.o)
    0x08000448   0x08000448   0x0000002e   Code   RO         7291    .text               mf_w.l(dscalb.o)
    0x08000476   0x08000476   0x0000001a   Code   RO         7297    .text               mf_w.l(dfltui.o)
    0x08000490   0x08000490   0x00000032   Code   RO         7305    .text               mf_w.l(dfixui.o)
    0x080004c2   0x080004c2   0x0000001e   Code   RO         7348    .text               mc_w.l(llshl.o)
    0x080004e0   0x080004e0   0x00000020   Code   RO         7350    .text               mc_w.l(llushr.o)
    0x08000500   0x08000500   0x0000000c   Code   RO         7354    .text               mc_w.l(localtime_w.o)
    0x0800050c   0x0800050c   0x0000008c   Code   RO         7357    .text               mc_w.l(localtime_i.o)
    0x08000598   0x08000598   0x00000070   Code   RO         7367    .text               mc_w.l(strtol.o)
    0x08000608   0x08000608   0x00000000   Code   RO         7369    .text               mc_w.l(iusefp.o)
    0x08000608   0x08000608   0x000000ba   Code   RO         7372    .text               mf_w.l(depilogue.o)
    0x080006c2   0x080006c2   0x00000002   PAD
    0x080006c4   0x080006c4   0x00000024   Code   RO         7380    .text               mc_w.l(init.o)
    0x080006e8   0x080006e8   0x00000008   Code   RO         7382    .text               mc_w.l(ctype_o.o)
    0x080006f0   0x080006f0   0x0000009e   Code   RO         7410    .text               mc_w.l(_strtoul.o)
    0x0800078e   0x0800078e   0x0000001c   Code   RO         7412    .text               mc_w.l(_chval.o)
    0x080007aa   0x080007aa   0x00000056   Code   RO         7422    .text               mc_w.l(__dczerorl2.o)
    0x08000800   0x08000800   0x00000074   Code   RO         2689    i.ADC_Enable        stm32l1xx_hal_adc.o
    0x08000874   0x08000874   0x0000014c   Code   RO         1746    i.ADXL345_Auto_Adjust  adxl345.o
    0x080009c0   0x080009c0   0x00000010   Code   RO         1747    i.ADXL345_Counter_steps  adxl345.o
    0x080009d0   0x080009d0   0x0000018c   Code   RO         1749    i.ADXL345_Get_State  adxl345.o
    0x08000b5c   0x08000b5c   0x0000018c   Code   RO         1750    i.ADXL345_Init      adxl345.o
    0x08000ce8   0x08000ce8   0x000000c8   Code   RO         1751    i.ADXL345_RD_XYZ    adxl345.o
    0x08000db0   0x08000db0   0x00000076   Code   RO         1753    i.ADXL345_Read_Average  adxl345.o
    0x08000e26   0x08000e26   0x0000001c   Code   RO         1756    i.ADXL345_Step2     adxl345.o
    0x08000e42   0x08000e42   0x00000002   PAD
    0x08000e44   0x08000e44   0x00000198   Code   RO         1757    i.ADXL345_Step_Run  adxl345.o
    0x08000fdc   0x08000fdc   0x00000018   Code   RO         1759    i.ADXL345_clean_falg  adxl345.o
    0x08000ff4   0x08000ff4   0x000000fc   Code   RO         1760    i.ADXL345_detect_step  adxl345.o
    0x080010f0   0x080010f0   0x00000050   Code   RO         1761    i.ADXL345_filter    adxl345.o
    0x08001140   0x08001140   0x0000005c   Code   RO         1762    i.ADXL345_peak_update  adxl345.o
    0x0800119c   0x0800119c   0x00000040   Code   RO         1763    i.ADXL345_slid_update  adxl345.o
    0x080011dc   0x080011dc   0x00000128   Code   RO         1261    i.AT_Analysis       user_usart.o
    0x08001304   0x08001304   0x0000017c   Code   RO         1262    i.AT_AnalysisVar    user_usart.o
    0x08001480   0x08001480   0x000001a0   Code   RO         1263    i.AtDebugDo         user_usart.o
    0x08001620   0x08001620   0x0000001e   Code   RO         1562    i.BSP_Cheak_HKJ_15C  hkj15c.o
    0x0800163e   0x0800163e   0x00000018   Code   RO         1651    i.BSP_Cheak_JY_901  jy901.o
    0x08001656   0x08001656   0x00000002   PAD
    0x08001658   0x08001658   0x00000164   Code   RO         1564    i.BSP_GET_HKJ_15C_V1_0  hkj15c.o
    0x080017bc   0x080017bc   0x00000168   Code   RO         1653    i.BSP_GET_HKJ_JY_901_V1_0  jy901.o
    0x08001924   0x08001924   0x00000030   Code   RO         1565    i.BSP_HKJ_15C_Cfg   hkj15c.o
    0x08001954   0x08001954   0x0000002c   Code   RO         1566    i.BSP_HKJ_15C_Date  hkj15c.o
    0x08001980   0x08001980   0x0000002c   Code   RO         1567    i.BSP_HKJ_15C_ID    hkj15c.o
    0x080019ac   0x080019ac   0x000000e4   Code   RO         1568    i.BSP_HKJ_15C_Init  hkj15c.o
    0x08001a90   0x08001a90   0x0000002c   Code   RO         1569    i.BSP_HKJ_15C_Start  hkj15c.o
    0x08001abc   0x08001abc   0x0000008c   Code   RO         1571    i.BSP_HKJ_15C_printf  hkj15c.o
    0x08001b48   0x08001b48   0x000000b0   Code   RO         1654    i.BSP_JY_901_Init   jy901.o
    0x08001bf8   0x08001bf8   0x0000008c   Code   RO         1659    i.BSP_JY_901_printf  jy901.o
    0x08001c84   0x08001c84   0x00000074   Code   RO         1264    i.BSP_NewlineString_printf  user_usart.o
    0x08001cf8   0x08001cf8   0x0000002c   Code   RO          535    i.BSP_QueueSend     protocoldata.o
    0x08001d24   0x08001d24   0x00000130   Code   RO         1091    i.BSP_RTCEx_BKUPRead  user_rtc.o
    0x08001e54   0x08001e54   0x00000080   Code   RO         1572    i.BSP_Receive_HKJ_15C  hkj15c.o
    0x08001ed4   0x08001ed4   0x0000007c   Code   RO         1661    i.BSP_Receive_JY_901  jy901.o
    0x08001f50   0x08001f50   0x00000098   Code   RO         1265    i.BSP_Receive_NewlineString  user_usart.o
    0x08001fe8   0x08001fe8   0x00000022   Code   RO         1267    i.BSP_UART_IRQHandler  user_usart.o
    0x0800200a   0x0800200a   0x00000002   PAD
    0x0800200c   0x0800200c   0x00000078   Code   RO         1268    i.BSP_UART_RxCpltCallback  user_usart.o
    0x08002084   0x08002084   0x00000058   Code   RO         1092    i.BSP_localtime     user_rtc.o
    0x080020dc   0x080020dc   0x00000070   Code   RO         1093    i.BSP_mktime        user_rtc.o
    0x0800214c   0x0800214c   0x00000020   Code   RO          536    i.CalU8CRC          protocoldata.o
    0x0800216c   0x0800216c   0x00000014   Code   RO         1764    i.Change_Run_State  adxl345.o
    0x08002180   0x08002180   0x00000014   Code   RO          537    i.DelayGetInterval  protocoldata.o
    0x08002194   0x08002194   0x00000026   Code   RO          538    i.DelayTimeOut      protocoldata.o
    0x080021ba   0x080021ba   0x00000002   PAD
    0x080021bc   0x080021bc   0x000000c0   Code   RO           13    i.Drivers_Init      app.o
    0x0800227c   0x0800227c   0x00000034   Code   RO           14    i.Drivers_Init_AD8223  app.o
    0x080022b0   0x080022b0   0x00000008   Code   RO         2592    i.EXTI15_10_IRQHandler  stm32l1xx_it.o
    0x080022b8   0x080022b8   0x00000006   Code   RO         2593    i.EXTI4_IRQHandler  stm32l1xx_it.o
    0x080022be   0x080022be   0x0000001c   Code   RO         2594    i.EXTI9_5_IRQHandler  stm32l1xx_it.o
    0x080022da   0x080022da   0x00000004   Code   RO         2215    i.Error_Handler     main.o
    0x080022de   0x080022de   0x00000002   PAD
    0x080022e0   0x080022e0   0x00000088   Code   RO         3343    i.FLASH_DATAEEPROM_FastProgramByte  stm32l1xx_hal_flash_ex.o
    0x08002368   0x08002368   0x000000ec   Code   RO         3344    i.FLASH_DATAEEPROM_FastProgramHalfWord  stm32l1xx_hal_flash_ex.o
    0x08002454   0x08002454   0x0000007c   Code   RO         3345    i.FLASH_DATAEEPROM_ProgramByte  stm32l1xx_hal_flash_ex.o
    0x080024d0   0x080024d0   0x000000a0   Code   RO         3346    i.FLASH_DATAEEPROM_ProgramHalfWord  stm32l1xx_hal_flash_ex.o
    0x08002570   0x08002570   0x00000048   Code   RO         3245    i.FLASH_SetErrorCode  stm32l1xx_hal_flash.o
    0x080025b8   0x080025b8   0x00000054   Code   RO         3246    i.FLASH_WaitForLastOperation  stm32l1xx_hal_flash.o
    0x0800260c   0x0800260c   0x00000094   Code   RO          704    i.Get_AD8223_ConnectStatus  user_gpio.o
    0x080026a0   0x080026a0   0x00000030   Code   RO          665    i.Get_Adc           user_adc.o
    0x080026d0   0x080026d0   0x00000068   Code   RO          705    i.Get_RunStatus     user_gpio.o
    0x08002738   0x08002738   0x00000024   Code   RO          352    i.Get_random        task_upload.o
    0x0800275c   0x0800275c   0x000000b4   Code   RO         2866    i.HAL_ADCEx_InjectedStart  stm32l1xx_hal_adc_ex.o
    0x08002810   0x08002810   0x000002b4   Code   RO         2691    i.HAL_ADC_ConfigChannel  stm32l1xx_hal_adc.o
    0x08002ac4   0x08002ac4   0x00000058   Code   RO         2698    i.HAL_ADC_GetValue  stm32l1xx_hal_adc.o
    0x08002b1c   0x08002b1c   0x000003a0   Code   RO         2700    i.HAL_ADC_Init      stm32l1xx_hal_adc.o
    0x08002ebc   0x08002ebc   0x00000060   Code   RO         2341    i.HAL_ADC_MspInit   adc.o
    0x08002f1c   0x08002f1c   0x000000f8   Code   RO         2704    i.HAL_ADC_PollForConversion  stm32l1xx_hal_adc.o
    0x08003014   0x08003014   0x000000c4   Code   RO         2706    i.HAL_ADC_Start     stm32l1xx_hal_adc.o
    0x080030d8   0x080030d8   0x0000004e   Code   RO         3603    i.HAL_DMA_Abort_IT  stm32l1xx_hal_dma.o
    0x08003126   0x08003126   0x00000002   PAD
    0x08003128   0x08003128   0x00000024   Code   RO         2935    i.HAL_Delay         stm32l1xx_hal.o
    0x0800314c   0x0800314c   0x000000ac   Code   RO         3355    i.HAL_FLASHEx_DATAEEPROM_Erase  stm32l1xx_hal_flash_ex.o
    0x080031f8   0x080031f8   0x00000014   Code   RO         3356    i.HAL_FLASHEx_DATAEEPROM_Lock  stm32l1xx_hal_flash_ex.o
    0x0800320c   0x0800320c   0x00000178   Code   RO         3357    i.HAL_FLASHEx_DATAEEPROM_Program  stm32l1xx_hal_flash_ex.o
    0x08003384   0x08003384   0x00000028   Code   RO         3358    i.HAL_FLASHEx_DATAEEPROM_Unlock  stm32l1xx_hal_flash_ex.o
    0x080033ac   0x080033ac   0x000000ac   Code   RO          706    i.HAL_GPIO_EXTI_Callback  user_gpio.o
    0x08003458   0x08003458   0x00000018   Code   RO         3537    i.HAL_GPIO_EXTI_IRQHandler  stm32l1xx_hal_gpio.o
    0x08003470   0x08003470   0x000002c0   Code   RO         3538    i.HAL_GPIO_Init     stm32l1xx_hal_gpio.o
    0x08003730   0x08003730   0x00000058   Code   RO         3540    i.HAL_GPIO_ReadPin  stm32l1xx_hal_gpio.o
    0x08003788   0x08003788   0x00000060   Code   RO         3541    i.HAL_GPIO_TogglePin  stm32l1xx_hal_gpio.o
    0x080037e8   0x080037e8   0x0000006c   Code   RO         3542    i.HAL_GPIO_WritePin  stm32l1xx_hal_gpio.o
    0x08003854   0x08003854   0x0000000c   Code   RO         2939    i.HAL_GetTick       stm32l1xx_hal.o
    0x08003860   0x08003860   0x000000d4   Code   RO         4510    i.HAL_IWDG_Init     stm32l1xx_hal_iwdg.o
    0x08003934   0x08003934   0x0000000c   Code   RO         4511    i.HAL_IWDG_Refresh  stm32l1xx_hal_iwdg.o
    0x08003940   0x08003940   0x00000010   Code   RO         2945    i.HAL_IncTick       stm32l1xx_hal.o
    0x08003950   0x08003950   0x0000001e   Code   RO         2946    i.HAL_Init          stm32l1xx_hal.o
    0x0800396e   0x0800396e   0x00000002   PAD
    0x08003970   0x08003970   0x00000044   Code   RO         2947    i.HAL_InitTick      stm32l1xx_hal.o
    0x080039b4   0x080039b4   0x00000048   Code   RO         2661    i.HAL_MspInit       stm32l1xx_hal_msp.o
    0x080039fc   0x080039fc   0x00000064   Code   RO         3881    i.HAL_NVIC_EnableIRQ  stm32l1xx_hal_cortex.o
    0x08003a60   0x08003a60   0x0000009c   Code   RO         3887    i.HAL_NVIC_SetPriority  stm32l1xx_hal_cortex.o
    0x08003afc   0x08003afc   0x00000080   Code   RO         3888    i.HAL_NVIC_SetPriorityGrouping  stm32l1xx_hal_cortex.o
    0x08003b7c   0x08003b7c   0x000001b0   Code   RO         3211    i.HAL_RCCEx_PeriphCLKConfig  stm32l1xx_hal_rcc_ex.o
    0x08003d2c   0x08003d2c   0x00000280   Code   RO         3103    i.HAL_RCC_ClockConfig  stm32l1xx_hal_rcc.o
    0x08003fac   0x08003fac   0x00000020   Code   RO         3110    i.HAL_RCC_GetPCLK1Freq  stm32l1xx_hal_rcc.o
    0x08003fcc   0x08003fcc   0x00000020   Code   RO         3111    i.HAL_RCC_GetPCLK2Freq  stm32l1xx_hal_rcc.o
    0x08003fec   0x08003fec   0x00000064   Code   RO         3112    i.HAL_RCC_GetSysClockFreq  stm32l1xx_hal_rcc.o
    0x08004050   0x08004050   0x000005fc   Code   RO         3115    i.HAL_RCC_OscConfig  stm32l1xx_hal_rcc.o
    0x0800464c   0x0800464c   0x00000060   Code   RO         1094    i.HAL_RTCEx_AlarmBEventCallback  user_rtc.o
    0x080046ac   0x080046ac   0x0000005c   Code   RO         4678    i.HAL_RTCEx_BKUPRead  stm32l1xx_hal_rtc_ex.o
    0x08004708   0x08004708   0x0000005c   Code   RO         4679    i.HAL_RTCEx_BKUPWrite  stm32l1xx_hal_rtc_ex.o
    0x08004764   0x08004764   0x00000064   Code   RO         1095    i.HAL_RTCEx_WakeUpTimerEventCallback  user_rtc.o
    0x080047c8   0x080047c8   0x00000034   Code   RO         4705    i.HAL_RTCEx_WakeUpTimerIRQHandler  stm32l1xx_hal_rtc_ex.o
    0x080047fc   0x080047fc   0x00000060   Code   RO         1096    i.HAL_RTC_AlarmAEventCallback  user_rtc.o
    0x0800485c   0x0800485c   0x0000005c   Code   RO         4541    i.HAL_RTC_AlarmIRQHandler  stm32l1xx_hal_rtc.o
    0x080048b8   0x080048b8   0x00000090   Code   RO         4545    i.HAL_RTC_GetDate   stm32l1xx_hal_rtc.o
    0x08004948   0x08004948   0x00000094   Code   RO         4547    i.HAL_RTC_GetTime   stm32l1xx_hal_rtc.o
    0x080049dc   0x080049dc   0x0000015c   Code   RO         4548    i.HAL_RTC_Init      stm32l1xx_hal_rtc.o
    0x08004b38   0x08004b38   0x00000040   Code   RO         2461    i.HAL_RTC_MspInit   rtc.o
    0x08004b78   0x08004b78   0x00000358   Code   RO         4553    i.HAL_RTC_SetAlarm_IT  stm32l1xx_hal_rtc.o
    0x08004ed0   0x08004ed0   0x000001b8   Code   RO         4554    i.HAL_RTC_SetDate   stm32l1xx_hal_rtc.o
    0x08005088   0x08005088   0x00000210   Code   RO         4555    i.HAL_RTC_SetTime   stm32l1xx_hal_rtc.o
    0x08005298   0x08005298   0x00000034   Code   RO         4556    i.HAL_RTC_WaitForSynchro  stm32l1xx_hal_rtc.o
    0x080052cc   0x080052cc   0x00000228   Code   RO         4880    i.HAL_SPI_Init      stm32l1xx_hal_spi.o
    0x080054f4   0x080054f4   0x00000068   Code   RO         2503    i.HAL_SPI_MspInit   spi.o
    0x0800555c   0x0800555c   0x00000220   Code   RO         4889    i.HAL_SPI_TransmitReceive  stm32l1xx_hal_spi.o
    0x0800577c   0x0800577c   0x00000028   Code   RO         3892    i.HAL_SYSTICK_Config  stm32l1xx_hal_cortex.o
    0x080057a4   0x080057a4   0x00000002   Code   RO         5248    i.HAL_UART_ErrorCallback  stm32l1xx_hal_uart.o
    0x080057a6   0x080057a6   0x0000000a   Code   RO         5250    i.HAL_UART_GetState  stm32l1xx_hal_uart.o
    0x080057b0   0x080057b0   0x00000114   Code   RO         5251    i.HAL_UART_IRQHandler  stm32l1xx_hal_uart.o
    0x080058c4   0x080058c4   0x00000128   Code   RO         5252    i.HAL_UART_Init     stm32l1xx_hal_uart.o
    0x080059ec   0x080059ec   0x000000c4   Code   RO         2545    i.HAL_UART_MspInit  usart.o
    0x08005ab0   0x08005ab0   0x00000052   Code   RO         5257    i.HAL_UART_Receive_IT  stm32l1xx_hal_uart.o
    0x08005b02   0x08005b02   0x00000004   Code   RO         1269    i.HAL_UART_RxCpltCallback  user_usart.o
    0x08005b06   0x08005b06   0x000000ba   Code   RO         5260    i.HAL_UART_Transmit  stm32l1xx_hal_uart.o
    0x08005bc0   0x08005bc0   0x00000002   Code   RO         5263    i.HAL_UART_TxCpltCallback  stm32l1xx_hal_uart.o
    0x08005bc2   0x08005bc2   0x00000026   Code   RO          844    i.IIC1_Ack          user_i2c_m.o
    0x08005be8   0x08005be8   0x00000048   Code   RO          845    i.IIC1_Init         user_i2c_m.o
    0x08005c30   0x08005c30   0x00000026   Code   RO          847    i.IIC1_NAck         user_i2c_m.o
    0x08005c56   0x08005c56   0x0000003e   Code   RO          848    i.IIC1_ReadReg      user_i2c_m.o
    0x08005c94   0x08005c94   0x00000046   Code   RO          849    i.IIC1_Read_Byte    user_i2c_m.o
    0x08005cda   0x08005cda   0x00000002   PAD
    0x08005cdc   0x08005cdc   0x00000010   Code   RO          850    i.IIC1_SCL_H        user_i2c_m.o
    0x08005cec   0x08005cec   0x00000010   Code   RO          851    i.IIC1_SCL_L        user_i2c_m.o
    0x08005cfc   0x08005cfc   0x00000010   Code   RO          852    i.IIC1_SDA_H        user_i2c_m.o
    0x08005d0c   0x08005d0c   0x0000001c   Code   RO          853    i.IIC1_SDA_IN       user_i2c_m.o
    0x08005d28   0x08005d28   0x00000010   Code   RO          854    i.IIC1_SDA_L        user_i2c_m.o
    0x08005d38   0x08005d38   0x0000001c   Code   RO          855    i.IIC1_SDA_OUT      user_i2c_m.o
    0x08005d54   0x08005d54   0x0000000c   Code   RO          856    i.IIC1_SDA_Read     user_i2c_m.o
    0x08005d60   0x08005d60   0x00000044   Code   RO          857    i.IIC1_Send_Byte    user_i2c_m.o
    0x08005da4   0x08005da4   0x00000026   Code   RO          858    i.IIC1_Start        user_i2c_m.o
    0x08005dca   0x08005dca   0x00000026   Code   RO          859    i.IIC1_Stop         user_i2c_m.o
    0x08005df0   0x08005df0   0x0000003e   Code   RO          860    i.IIC1_Wait_Ack     user_i2c_m.o
    0x08005e2e   0x08005e2e   0x00000032   Code   RO          861    i.IIC1_WriteReg     user_i2c_m.o
    0x08005e60   0x08005e60   0x00000026   Code   RO          862    i.IIC2_Ack          user_i2c_m.o
    0x08005e86   0x08005e86   0x00000002   PAD
    0x08005e88   0x08005e88   0x00000048   Code   RO          863    i.IIC2_Init         user_i2c_m.o
    0x08005ed0   0x08005ed0   0x00000026   Code   RO          865    i.IIC2_NAck         user_i2c_m.o
    0x08005ef6   0x08005ef6   0x0000003e   Code   RO          866    i.IIC2_ReadReg      user_i2c_m.o
    0x08005f34   0x08005f34   0x00000046   Code   RO          867    i.IIC2_Read_Byte    user_i2c_m.o
    0x08005f7a   0x08005f7a   0x00000002   PAD
    0x08005f7c   0x08005f7c   0x00000010   Code   RO          868    i.IIC2_SCL_H        user_i2c_m.o
    0x08005f8c   0x08005f8c   0x00000010   Code   RO          869    i.IIC2_SCL_L        user_i2c_m.o
    0x08005f9c   0x08005f9c   0x00000010   Code   RO          870    i.IIC2_SDA_H        user_i2c_m.o
    0x08005fac   0x08005fac   0x0000001c   Code   RO          871    i.IIC2_SDA_IN       user_i2c_m.o
    0x08005fc8   0x08005fc8   0x00000010   Code   RO          872    i.IIC2_SDA_L        user_i2c_m.o
    0x08005fd8   0x08005fd8   0x0000001c   Code   RO          873    i.IIC2_SDA_OUT      user_i2c_m.o
    0x08005ff4   0x08005ff4   0x00000010   Code   RO          874    i.IIC2_SDA_Read     user_i2c_m.o
    0x08006004   0x08006004   0x00000044   Code   RO          875    i.IIC2_Send_Byte    user_i2c_m.o
    0x08006048   0x08006048   0x00000026   Code   RO          876    i.IIC2_Start        user_i2c_m.o
    0x0800606e   0x0800606e   0x00000026   Code   RO          877    i.IIC2_Stop         user_i2c_m.o
    0x08006094   0x08006094   0x0000003e   Code   RO          878    i.IIC2_Wait_Ack     user_i2c_m.o
    0x080060d2   0x080060d2   0x00000032   Code   RO          879    i.IIC2_WriteReg     user_i2c_m.o
    0x08006104   0x08006104   0x00000038   Code   RO          541    i.IsStartWithSrc2   protocoldata.o
    0x0800613c   0x0800613c   0x0000004c   Code   RO          542    i.IsStartWithSrc3   protocoldata.o
    0x08006188   0x08006188   0x0000011c   Code   RO          707    i.KEY_Do            user_gpio.o
    0x080062a4   0x080062a4   0x000000b8   Code   RO          708    i.KEY_Scan          user_gpio.o
    0x0800635c   0x0800635c   0x00000030   Code   RO          709    i.LED1_DO           user_gpio.o
    0x0800638c   0x0800638c   0x0000002c   Code   RO          710    i.LED2_DO           user_gpio.o
    0x080063b8   0x080063b8   0x00000084   Code   RO          711    i.Led1_Sate_Run     user_gpio.o
    0x0800643c   0x0800643c   0x00000088   Code   RO          712    i.Led2_Sate_Run     user_gpio.o
    0x080064c4   0x080064c4   0x00000038   Code   RO          713    i.Led_Run_times     user_gpio.o
    0x080064fc   0x080064fc   0x00000044   Code   RO          714    i.Led_Sate_Run      user_gpio.o
    0x08006540   0x08006540   0x00000028   Code   RO         2284    i.MX_FREERTOS_Init  freertos.o
    0x08006568   0x08006568   0x000001a0   Code   RO         2260    i.MX_GPIO_Init      gpio.o
    0x08006708   0x08006708   0x00000240   Code   RO         1270    i.MX_Struct_Test    user_usart.o
    0x08006948   0x08006948   0x0000000c   Code   RO          544    i.MYabs             protocoldata.o
    0x08006954   0x08006954   0x00000020   Code   RO          547    i.MyMemcmp          protocoldata.o
    0x08006974   0x08006974   0x0000003c   Code   RO         1905    i.NRF24L01_Check    nrf24l01.o
    0x080069b0   0x080069b0   0x00000064   Code   RO         1911    i.NRF24L01_Read_Buf  nrf24l01.o
    0x08006a14   0x08006a14   0x00000048   Code   RO         1912    i.NRF24L01_Read_Reg  nrf24l01.o
    0x08006a5c   0x08006a5c   0x0000003c   Code   RO         1914    i.NRF24L01_RxMode1  nrf24l01.o
    0x08006a98   0x08006a98   0x000000b0   Code   RO         1916    i.NRF24L01_RxPacket1  nrf24l01.o
    0x08006b48   0x08006b48   0x00000030   Code   RO         1925    i.NRF24L01_TxMode1  nrf24l01.o
    0x08006b78   0x08006b78   0x00000070   Code   RO         1927    i.NRF24L01_TxPacket1  nrf24l01.o
    0x08006be8   0x08006be8   0x00000002   Code   RO         1928    i.NRF24L01_TxPacket1_AP  nrf24l01.o
    0x08006bea   0x08006bea   0x00000002   PAD
    0x08006bec   0x08006bec   0x00000068   Code   RO         1931    i.NRF24L01_Write_Buf  nrf24l01.o
    0x08006c54   0x08006c54   0x00000044   Code   RO         1932    i.NRF24L01_Write_Reg  nrf24l01.o
    0x08006c98   0x08006c98   0x00000150   Code   RO         1933    i.NRF24L_Init       nrf24l01.o
    0x08006de8   0x08006de8   0x000000f8   Code   RO         1934    i.NRF24_MspInit     nrf24l01.o
    0x08006ee0   0x08006ee0   0x000000d0   Code   RO           15    i.Parameter_Init    app.o
    0x08006fb0   0x08006fb0   0x00000078   Code   RO           16    i.Parameter_Save    app.o
    0x08007028   0x08007028   0x00000064   Code   RO         2120    i.Pedometer         filter.o
    0x0800708c   0x0800708c   0x00000080   Code   RO         3116    i.RCC_SetFlashLatencyFromMSIRange  stm32l1xx_hal_rcc.o
    0x0800710c   0x0800710c   0x0000000c   Code   RO         2595    i.RTC_Alarm_IRQHandler  stm32l1xx_it.o
    0x08007118   0x08007118   0x00000012   Code   RO         4557    i.RTC_Bcd2ToByte    stm32l1xx_hal_rtc.o
    0x0800712a   0x0800712a   0x00000016   Code   RO         4558    i.RTC_ByteToBcd2    stm32l1xx_hal_rtc.o
    0x08007140   0x08007140   0x00000038   Code   RO         4559    i.RTC_EnterInitMode  stm32l1xx_hal_rtc.o
    0x08007178   0x08007178   0x000000ac   Code   RO         1097    i.RTC_Get           user_rtc.o
    0x08007224   0x08007224   0x00000094   Code   RO         1098    i.RTC_Set           user_rtc.o
    0x080072b8   0x080072b8   0x00000038   Code   RO         1099    i.RTC_Set_Alarm     user_rtc.o
    0x080072f0   0x080072f0   0x0000000c   Code   RO         2596    i.RTC_WKUP_IRQHandler  stm32l1xx_it.o
    0x080072fc   0x080072fc   0x00000058   Code   RO         4918    i.SPI_EndRxTxTransaction  stm32l1xx_hal_spi.o
    0x08007354   0x08007354   0x000000b8   Code   RO         4923    i.SPI_WaitFlagStateUntilTimeout  stm32l1xx_hal_spi.o
    0x0800740c   0x0800740c   0x0000001c   Code   RO         1203    i.STMEEPROM_Read    user_stmflash.o
    0x08007428   0x08007428   0x00000034   Code   RO         1204    i.STMEEPROM_Write   user_stmflash.o
    0x0800745c   0x0800745c   0x00000008   Code   RO         2285    i.StartDefaultTask  freertos.o
    0x08007464   0x08007464   0x0000001c   Code   RO          715    i.StatusChange      user_gpio.o
    0x08007480   0x08007480   0x00000018   Code   RO         2597    i.SysTick_Handler   stm32l1xx_it.o
    0x08007498   0x08007498   0x0000008c   Code   RO         2216    i.SystemClock_Config  main.o
    0x08007524   0x08007524   0x00000010   Code   RO         5554    i.SystemInit        system_stm32l1xx.o
    0x08007534   0x08007534   0x0000009c   Code   RO          492    i.Task_AD8223       task_ad8223.o
    0x080075d0   0x080075d0   0x00000068   Code   RO          493    i.Task_AD8223_Create  task_ad8223.o
    0x08007638   0x08007638   0x00000264   Code   RO           17    i.Task_Base         app.o
    0x0800789c   0x0800789c   0x00000068   Code   RO           18    i.Task_Base_Create  app.o
    0x08007904   0x08007904   0x00000050   Code   RO           19    i.Task_Create       app.o
    0x08007954   0x08007954   0x0000017c   Code   RO          450    i.Task_produce      task_produce.o
    0x08007ad0   0x08007ad0   0x00000030   Code   RO          451    i.Task_produce_Create  task_produce.o
    0x08007b00   0x08007b00   0x00000088   Code   RO          353    i.Task_upload       task_upload.o
    0x08007b88   0x08007b88   0x00000038   Code   RO          354    i.Task_upload_Create  task_upload.o
    0x08007bc0   0x08007bc0   0x00000004   Code   RO          494    i.Time_AD822        task_ad8223.o
    0x08007bc4   0x08007bc4   0x0000002c   Code   RO           20    i.Time_Base         app.o
    0x08007bf0   0x08007bf0   0x00000010   Code   RO         5265    i.UART_DMAAbortOnError  stm32l1xx_hal_uart.o
    0x08007c00   0x08007c00   0x0000001c   Code   RO         5275    i.UART_EndRxTransfer  stm32l1xx_hal_uart.o
    0x08007c1c   0x08007c1c   0x00000096   Code   RO         5277    i.UART_Receive_IT   stm32l1xx_hal_uart.o
    0x08007cb2   0x08007cb2   0x00000002   PAD
    0x08007cb4   0x08007cb4   0x000001b0   Code   RO         5278    i.UART_SetConfig    stm32l1xx_hal_uart.o
    0x08007e64   0x08007e64   0x00000062   Code   RO         5279    i.UART_Transmit_IT  stm32l1xx_hal_uart.o
    0x08007ec6   0x08007ec6   0x00000062   Code   RO         5280    i.UART_WaitOnFlagUntilTimeout  stm32l1xx_hal_uart.o
    0x08007f28   0x08007f28   0x00000020   Code   RO         2598    i.USART1_IRQHandler  stm32l1xx_it.o
    0x08007f48   0x08007f48   0x00000020   Code   RO         2599    i.USART2_IRQHandler  stm32l1xx_it.o
    0x08007f68   0x08007f68   0x00000064   Code   RO          550    i.Upload_Data_Check_V_0  protocoldata.o
    0x08007fcc   0x08007fcc   0x00000024   Code   RO          355    i.Upload_calculation_init  task_upload.o
    0x08007ff0   0x08007ff0   0x00000100   Code   RO          356    i.Upload_pack       task_upload.o
    0x080080f0   0x080080f0   0x00000098   Code   RO          716    i.User_AD8223_init  user_gpio.o
    0x08008188   0x08008188   0x00000044   Code   RO          667    i.User_Adc_Init     user_adc.o
    0x080081cc   0x080081cc   0x0000002c   Code   RO         1064    i.User_Iwdg_Init    user_iwdg.o
    0x080081f8   0x080081f8   0x00000030   Code   RO         1100    i.User_RTC_Init     user_rtc.o
    0x08008228   0x08008228   0x0000002c   Code   RO         1174    i.User_SPI_Init     user_spi.o
    0x08008254   0x08008254   0x00000058   Code   RO         1273    i.User_USART_Init   user_usart.o
    0x080082ac   0x080082ac   0x00000020   Code   RO         7221    i.__0printf$8       mc_w.l(printf8.o)
    0x080082cc   0x080082cc   0x00000028   Code   RO         7223    i.__0sprintf$8      mc_w.l(printf8.o)
    0x080082f4   0x080082f4   0x00000020   Code   RO         3894    i.__NVIC_SetPriority  stm32l1xx_hal_cortex.o
    0x08008314   0x08008314   0x00000008   Code   RO         7360    i.__aeabi_errno_addr  mc_w.l(errno.o)
    0x0800831c   0x0800831c   0x0000000e   Code   RO         7416    i.__scatterload_copy  mc_w.l(handlers.o)
    0x0800832a   0x0800832a   0x00000002   Code   RO         7417    i.__scatterload_null  mc_w.l(handlers.o)
    0x0800832c   0x0800832c   0x0000000e   Code   RO         7418    i.__scatterload_zeroinit  mc_w.l(handlers.o)
    0x0800833a   0x0800833a   0x00000002   PAD
    0x0800833c   0x0800833c   0x00000410   Code   RO         7228    i._printf_core      mc_w.l(printf8.o)
    0x0800874c   0x0800874c   0x00000024   Code   RO         7229    i._printf_post_padding  mc_w.l(printf8.o)
    0x08008770   0x08008770   0x0000002e   Code   RO         7230    i._printf_pre_padding  mc_w.l(printf8.o)
    0x0800879e   0x0800879e   0x0000000a   Code   RO         7232    i._sputc            mc_w.l(printf8.o)
    0x080087a8   0x080087a8   0x00000008   Code   RO         1766    i.adxl345_read      adxl345.o
    0x080087b0   0x080087b0   0x00000004   Code   RO         1767    i.adxl345_write     adxl345.o
    0x080087b4   0x080087b4   0x00000002   Code   RO         2217    i.assert_failed     main.o
    0x080087b6   0x080087b6   0x00000002   PAD
    0x080087b8   0x080087b8   0x00000140   Code   RO         1460    i.axp173_init       axp173.o
    0x080088f8   0x080088f8   0x0000001a   Code   RO         1461    i.axp173_poweroff   axp173.o
    0x08008912   0x08008912   0x00000008   Code   RO         1462    i.axp173_read       axp173.o
    0x0800891a   0x0800891a   0x00000004   Code   RO         1463    i.axp173_write      axp173.o
    0x0800891e   0x0800891e   0x0000000e   Code   RO          552    i.delay_us          protocoldata.o
    0x0800892c   0x0800892c   0x00000168   Code   RO         2122    i.detect_step       filter.o
    0x08008a94   0x08008a94   0x000000ac   Code   RO         2123    i.filter_calculate  filter.o
    0x08008b40   0x08008b40   0x00000028   Code   RO         1275    i.fputc             user_usart.o
    0x08008b68   0x08008b68   0x0000002c   Code   RO         1464    i.getCurrent        axp173.o
    0x08008b94   0x08008b94   0x00000034   Code   RO         1465    i.getVoltage        axp173.o
    0x08008bc8   0x08008bc8   0x00000088   Code   RO         2124    i.is_most_active    filter.o
    0x08008c50   0x08008c50   0x0000001a   Code   RO         1468    i.ldo2_enable       axp173.o
    0x08008c6a   0x08008c6a   0x0000001a   Code   RO         1470    i.ldo3_enable       axp173.o
    0x08008c84   0x08008c84   0x0000001a   Code   RO         1471    i.ldo4_disable      axp173.o
    0x08008c9e   0x08008c9e   0x0000001a   Code   RO         1472    i.ldo4_enable       axp173.o
    0x08008cb8   0x08008cb8   0x00000010   Code   RO          717    i.led_off           user_gpio.o
    0x08008cc8   0x08008cc8   0x00000010   Code   RO          718    i.led_on            user_gpio.o
    0x08008cd8   0x08008cd8   0x0000001a   Code   RO         2218    i.main              main.o
    0x08008cf2   0x08008cf2   0x0000000c   Code   RO         6489    i.makeFreeRtosPriority  cmsis_os.o
    0x08008cfe   0x08008cfe   0x0000000e   Code   RO         6491    i.osDelay           cmsis_os.o
    0x08008d0c   0x08008d0c   0x0000000a   Code   RO         6494    i.osKernelStart     cmsis_os.o
    0x08008d16   0x08008d16   0x00000054   Code   RO         6528    i.osThreadCreate    cmsis_os.o
    0x08008d6a   0x08008d6a   0x00000002   PAD
    0x08008d6c   0x08008d6c   0x000000a4   Code   RO         2128    i.peak_update       filter.o
    0x08008e10   0x08008e10   0x00000070   Code   RO         6053    i.prvAddCurrentTaskToDelayedList  tasks.o
    0x08008e80   0x08008e80   0x000000d0   Code   RO         6054    i.prvAddNewTaskToReadyList  tasks.o
    0x08008f50   0x08008f50   0x00000058   Code   RO         6358    i.prvCheckForValidListAndQueue  timers.o
    0x08008fa8   0x08008fa8   0x00000026   Code   RO         5732    i.prvCopyDataFromQueue  queue.o
    0x08008fce   0x08008fce   0x0000006c   Code   RO         5733    i.prvCopyDataToQueue  queue.o
    0x0800903a   0x0800903a   0x00000034   Code   RO         6055    i.prvDeleteTCB      tasks.o
    0x0800906e   0x0800906e   0x00000002   PAD
    0x08009070   0x08009070   0x00000048   Code   RO         6844    i.prvHeapInit       heap_4.o
    0x080090b8   0x080090b8   0x0000005c   Code   RO         6056    i.prvIdleTask       tasks.o
    0x08009114   0x08009114   0x00000016   Code   RO         5735    i.prvInitialiseNewQueue  queue.o
    0x0800912a   0x0800912a   0x0000008e   Code   RO         6057    i.prvInitialiseNewTask  tasks.o
    0x080091b8   0x080091b8   0x00000044   Code   RO         6359    i.prvInitialiseNewTimer  timers.o
    0x080091fc   0x080091fc   0x0000004c   Code   RO         6845    i.prvInsertBlockIntoFreeList  heap_4.o
    0x08009248   0x08009248   0x00000038   Code   RO         6360    i.prvInsertTimerInActiveList  timers.o
    0x08009280   0x08009280   0x0000001a   Code   RO         5736    i.prvIsQueueEmpty   queue.o
    0x0800929a   0x0800929a   0x00000002   PAD
    0x0800929c   0x0800929c   0x000000bc   Code   RO         6361    i.prvProcessReceivedCommands  timers.o
    0x08009358   0x08009358   0x000000b4   Code   RO         6362    i.prvProcessTimerOrBlockTask  timers.o
    0x0800940c   0x0800940c   0x00000020   Code   RO         6058    i.prvResetNextTaskUnblockTime  tasks.o
    0x0800942c   0x0800942c   0x00000028   Code   RO         6363    i.prvSampleTimeNow  timers.o
    0x08009454   0x08009454   0x0000006c   Code   RO         6364    i.prvSwitchTimerLists  timers.o
    0x080094c0   0x080094c0   0x00000028   Code   RO         6894    i.prvTaskExitError  port.o
    0x080094e8   0x080094e8   0x00000028   Code   RO         6365    i.prvTimerTask      timers.o
    0x08009510   0x08009510   0x0000006a   Code   RO         5737    i.prvUnlockQueue    queue.o
    0x0800957a   0x0800957a   0x00000002   PAD
    0x0800957c   0x0800957c   0x000000d8   Code   RO         6846    i.pvPortMalloc      heap_4.o
    0x08009654   0x08009654   0x00000024   Code   RO         6895    i.pxPortInitialiseStack  port.o
    0x08009678   0x08009678   0x0000008c   Code   RO         2129    i.slid_update       filter.o
    0x08009704   0x08009704   0x00000184   Code   RO          357    i.upload_Queue_send  task_upload.o
    0x08009888   0x08009888   0x00000026   Code   RO         5692    i.uxListRemove      list.o
    0x080098ae   0x080098ae   0x00000002   PAD
    0x080098b0   0x080098b0   0x00000014   Code   RO         2286    i.vApplicationGetIdleTaskMemory  freertos.o
    0x080098c4   0x080098c4   0x00000014   Code   RO         2287    i.vApplicationGetTimerTaskMemory  freertos.o
    0x080098d8   0x080098d8   0x00000016   Code   RO         5693    i.vListInitialise   list.o
    0x080098ee   0x080098ee   0x00000006   Code   RO         5694    i.vListInitialiseItem  list.o
    0x080098f4   0x080098f4   0x00000030   Code   RO         5695    i.vListInsert       list.o
    0x08009924   0x08009924   0x00000018   Code   RO         5696    i.vListInsertEnd    list.o
    0x0800993c   0x0800993c   0x00000040   Code   RO         6897    i.vPortEnterCritical  port.o
    0x0800997c   0x0800997c   0x00000028   Code   RO         6898    i.vPortExitCritical  port.o
    0x080099a4   0x080099a4   0x0000005c   Code   RO         6847    i.vPortFree         heap_4.o
    0x08009a00   0x08009a00   0x00000024   Code   RO         6899    i.vPortSetupTimerInterrupt  port.o
    0x08009a24   0x08009a24   0x00000054   Code   RO         6900    i.vPortValidateInterruptPriority  port.o
    0x08009a78   0x08009a78   0x00000024   Code   RO         5741    i.vQueueAddToRegistry  queue.o
    0x08009a9c   0x08009a9c   0x00000044   Code   RO         5744    i.vQueueWaitForMessageRestricted  queue.o
    0x08009ae0   0x08009ae0   0x0000004c   Code   RO         6066    i.vTaskDelay        tasks.o
    0x08009b2c   0x08009b2c   0x00000090   Code   RO         6067    i.vTaskDelayUntil   tasks.o
    0x08009bbc   0x08009bbc   0x00000010   Code   RO         6070    i.vTaskInternalSetTimeOutState  tasks.o
    0x08009bcc   0x08009bcc   0x0000000c   Code   RO         6071    i.vTaskMissedYield  tasks.o
    0x08009bd8   0x08009bd8   0x00000030   Code   RO         6073    i.vTaskPlaceOnEventList  tasks.o
    0x08009c08   0x08009c08   0x00000038   Code   RO         6074    i.vTaskPlaceOnEventListRestricted  tasks.o
    0x08009c40   0x08009c40   0x00000084   Code   RO         6081    i.vTaskStartScheduler  tasks.o
    0x08009cc4   0x08009cc4   0x00000010   Code   RO         6083    i.vTaskSuspendAll   tasks.o
    0x08009cd4   0x08009cd4   0x0000005c   Code   RO         6084    i.vTaskSwitchContext  tasks.o
    0x08009d30   0x08009d30   0x000000a8   Code   RO         6901    i.xPortStartScheduler  port.o
    0x08009dd8   0x08009dd8   0x0000002c   Code   RO         6902    i.xPortSysTickHandler  port.o
    0x08009e04   0x08009e04   0x00000048   Code   RO         5747    i.xQueueGenericCreate  queue.o
    0x08009e4c   0x08009e4c   0x00000066   Code   RO         5748    i.xQueueGenericCreateStatic  queue.o
    0x08009eb2   0x08009eb2   0x00000002   PAD
    0x08009eb4   0x08009eb4   0x00000088   Code   RO         5749    i.xQueueGenericReset  queue.o
    0x08009f3c   0x08009f3c   0x00000164   Code   RO         5750    i.xQueueGenericSend  queue.o
    0x0800a0a0   0x0800a0a0   0x000000bc   Code   RO         5751    i.xQueueGenericSendFromISR  queue.o
    0x0800a15c   0x0800a15c   0x00000138   Code   RO         5757    i.xQueueReceive     queue.o
    0x0800a294   0x0800a294   0x00000074   Code   RO         6085    i.xTaskCheckForTimeOut  tasks.o
    0x0800a308   0x0800a308   0x0000005a   Code   RO         6086    i.xTaskCreate       tasks.o
    0x0800a362   0x0800a362   0x0000005a   Code   RO         6087    i.xTaskCreateStatic  tasks.o
    0x0800a3bc   0x0800a3bc   0x0000001c   Code   RO         6091    i.xTaskGetSchedulerState  tasks.o
    0x0800a3d8   0x0800a3d8   0x0000000c   Code   RO         6092    i.xTaskGetTickCount  tasks.o
    0x0800a3e4   0x0800a3e4   0x000000c8   Code   RO         6094    i.xTaskIncrementTick  tasks.o
    0x0800a4ac   0x0800a4ac   0x00000098   Code   RO         6097    i.xTaskPriorityDisinherit  tasks.o
    0x0800a544   0x0800a544   0x00000074   Code   RO         6099    i.xTaskRemoveFromEventList  tasks.o
    0x0800a5b8   0x0800a5b8   0x000000c4   Code   RO         6100    i.xTaskResumeAll    tasks.o
    0x0800a67c   0x0800a67c   0x00000034   Code   RO         6368    i.xTimerCreate      timers.o
    0x0800a6b0   0x0800a6b0   0x00000060   Code   RO         6370    i.xTimerCreateTimerTask  timers.o
    0x0800a710   0x0800a710   0x0000005c   Code   RO         6371    i.xTimerGenericCommand  timers.o
    0x0800a76c   0x0800a76c   0x00000035   Data   RO           22    .constdata          app.o
    0x0800a7a1   0x0800a7a1   0x0000002a   Data   RO          359    .constdata          task_upload.o
    0x0800a7cb   0x0800a7cb   0x0000000d   Data   RO          452    .constdata          task_produce.o
    0x0800a7d8   0x0800a7d8   0x0000000c   Data   RO          495    .constdata          task_ad8223.o
    0x0800a7e4   0x0800a7e4   0x00000016   Data   RO          553    .constdata          protocoldata.o
    0x0800a7fa   0x0800a7fa   0x00000027   Data   RO          719    .constdata          user_gpio.o
    0x0800a821   0x0800a821   0x00000099   Data   RO         1101    .constdata          user_rtc.o
    0x0800a8ba   0x0800a8ba   0x00000028   Data   RO         1278    .constdata          user_usart.o
    0x0800a8e2   0x0800a8e2   0x0000000c   Data   RO         1473    .constdata          axp173.o
    0x0800a8ee   0x0800a8ee   0x00000049   Data   RO         1575    .constdata          hkj15c.o
    0x0800a937   0x0800a937   0x00000022   Data   RO         1665    .constdata          jy901.o
    0x0800a959   0x0800a959   0x00000065   Data   RO         1768    .constdata          adxl345.o
    0x0800a9be   0x0800a9be   0x00000032   Data   RO         1937    .constdata          nrf24l01.o
    0x0800a9f0   0x0800a9f0   0x00000018   Data   RO         2131    .constdata          filter.o
    0x0800aa08   0x0800aa08   0x0000001c   Data   RO         2289    .constdata          freertos.o
    0x0800aa24   0x0800aa24   0x00000019   Data   RO         5555    .constdata          system_stm32l1xx.o
    0x0800aa3d   0x0800aa3d   0x00000008   Data   RO         5556    .constdata          system_stm32l1xx.o
    0x0800aa45   0x0800aa45   0x0000000c   Data   RO         6998    .constdata          mc_w.l(mktime.o)
    0x0800aa51   0x0800aa51   0x0000000c   Data   RO         7358    .constdata          mc_w.l(localtime_i.o)
    0x0800aa5d   0x0800aa5d   0x00000081   Data   RO         7383    .constdata          mc_w.l(ctype_o.o)
    0x0800aade   0x0800aade   0x00000002   PAD
    0x0800aae0   0x0800aae0   0x00000004   Data   RO         7384    .constdata          mc_w.l(ctype_o.o)
    0x0800aae4   0x0800aae4   0x00000042   Data   RO          453    .conststring        task_produce.o
    0x0800ab26   0x0800ab26   0x00000002   PAD
    0x0800ab28   0x0800ab28   0x000000e4   Data   RO         1102    .conststring        user_rtc.o
    0x0800ac0c   0x0800ac0c   0x00000130   Data   RO         1279    .conststring        user_usart.o
    0x0800ad3c   0x0800ad3c   0x0000000c   Data   RO         2290    .conststring        freertos.o
    0x0800ad48   0x0800ad48   0x00000020   Data   RO         7414    Region$$Table       anon$$obj.o


    Execution Region RW_IRAM1 (Exec base: 0x20000000, Load base: 0x0800ad68, Size: 0x000022e8, Max: 0x00002800, ABSOLUTE, COMPRESSED[0x000000fc])

    Exec Addr    Load Addr    Size         Type   Attr      Idx    E Section Name        Object

    0x20000000   COMPRESSED   0x00000045   Data   RW           23    .data               app.o
    0x20000045   COMPRESSED   0x00000003   PAD
    0x20000048   COMPRESSED   0x00000008   Data   RW          360    .data               task_upload.o
    0x20000050   COMPRESSED   0x00000004   Data   RW          454    .data               task_produce.o
    0x20000054   COMPRESSED   0x00000008   Data   RW          496    .data               task_ad8223.o
    0x2000005c   COMPRESSED   0x00000020   Data   RW          720    .data               user_gpio.o
    0x2000007c   COMPRESSED   0x0000009e   Data   RW         1280    .data               user_usart.o
    0x2000011a   COMPRESSED   0x00000002   PAD
    0x2000011c   COMPRESSED   0x00000008   Data   RW         1666    .data               jy901.o
    0x20000124   COMPRESSED   0x0000008c   Data   RW         1770    .data               adxl345.o
    0x200001b0   COMPRESSED   0x0000001e   Data   RW         1938    .data               nrf24l01.o
    0x200001ce   COMPRESSED   0x00000002   PAD
    0x200001d0   COMPRESSED   0x0000007e   Data   RW         2136    .data               filter.o
    0x2000024e   COMPRESSED   0x00000002   PAD
    0x20000250   COMPRESSED   0x00000004   Data   RW         2291    .data               freertos.o
    0x20000254   COMPRESSED   0x0000000c   Data   RW         2953    .data               stm32l1xx_hal.o
    0x20000260   COMPRESSED   0x00000004   Data   RW         5557    .data               system_stm32l1xx.o
    0x20000264   COMPRESSED   0x0000003c   Data   RW         6103    .data               tasks.o
    0x200002a0   COMPRESSED   0x00000014   Data   RW         6377    .data               timers.o
    0x200002b4   COMPRESSED   0x00000018   Data   RW         6852    .data               heap_4.o
    0x200002cc   COMPRESSED   0x0000000c   Data   RW         6903    .data               port.o
    0x200002d8   COMPRESSED   0x00000004   Data   RW         7345    .data               mc_w.l(stdout.o)
    0x200002dc   COMPRESSED   0x00000004   Data   RW         7363    .data               mc_w.l(errno.o)
    0x200002e0        -       0x0000004f   Zero   RW           21    .bss                app.o
    0x2000032f        -       0x0000003c   Zero   RW          358    .bss                task_upload.o
    0x2000036b   COMPRESSED   0x00000001   PAD
    0x2000036c        -       0x00000028   Zero   RW          880    .bss                user_i2c_m.o
    0x20000394        -       0x00000042   Zero   RW         1277    .bss                user_usart.o
    0x200003d6        -       0x00000039   Zero   RW         1574    .bss                hkj15c.o
    0x2000040f        -       0x00000034   Zero   RW         1662    .bss                jy901.o
    0x20000443        -       0x0000000d   Zero   RW         1663    .bss                jy901.o
    0x20000450        -       0x00000244   Zero   RW         1936    .bss                nrf24l01.o
    0x20000694        -       0x0000002c   Zero   RW         2130    .bss                filter.o
    0x200006c0        -       0x000004a8   Zero   RW         2288    .bss                freertos.o
    0x20000b68        -       0x00000054   Zero   RW         2343    .bss                adc.o
    0x20000bbc        -       0x0000000c   Zero   RW         2431    .bss                iwdg.o
    0x20000bc8        -       0x00000020   Zero   RW         2463    .bss                rtc.o
    0x20000be8        -       0x00000058   Zero   RW         2505    .bss                spi.o
    0x20000c40        -       0x00000080   Zero   RW         2548    .bss                usart.o
    0x20000cc0        -       0x00000018   Zero   RW         3258    .bss                stm32l1xx_hal_flash.o
    0x20000cd8        -       0x00000040   Zero   RW         5760    .bss                queue.o
    0x20000d18        -       0x000000b4   Zero   RW         6102    .bss                tasks.o
    0x20000dcc        -       0x00000088   Zero   RW         6376    .bss                timers.o
    0x20000e54        -       0x00001068   Zero   RW         6851    .bss                heap_4.o
    0x20001ebc        -       0x0000002c   Zero   RW         7355    .bss                mc_w.l(localtime_w.o)
    0x20001ee8        -       0x00000400   Zero   RW            1    STACK               startup_stm32l151xb.o


==============================================================================

Image component sizes


      Code (inc. data)   RO Data    RW Data    ZI Data      Debug   Object Name

        96         12          0          0         84       1205   adc.o
      2438        650        101        140          0      13118   adxl345.o
      1412        522         53         69         79     439387   app.o
       558        116         12          0          0       5794   axp173.o
       120          0          0          0          0      17045   cmsis_os.o
         0          0          0          0          0      18244   event_groups.o
      1072         88         24        126         44       9755   filter.o
        88         18         40          4       1192       3191   freertos.o
       416         26          0          0          0       1107   gpio.o
       456         22          0         24       4200       4863   heap_4.o
      1062        388         73          0         57       7269   hkj15c.o
         0          0          0          0         12        232   iwdg.o
       824        190         34          8         65       4870   jy901.o
       138          0          0          0          0       3510   list.o
       172          4          0          0          0       7088   main.o
      1386        258         50         30        580      13530   nrf24l01.o
       662         68          0         12          0      11393   port.o
       424         56         22          0          0       7127   protocoldata.o
      1570         18          0          0         64      15678   queue.o
        64         10          0          0         32       1081   rtc.o
       104         12          0          0         88       1214   spi.o
        36          8        244          0       1024        820   startup_stm32l151xb.o
       162         24          0         12          0       3977   stm32l1xx_hal.o
      2268        346          0          0          0       5991   stm32l1xx_hal_adc.o
       180         64          0          0          0       1690   stm32l1xx_hal_adc_ex.o
       456        194          0          0          0      30875   stm32l1xx_hal_cortex.o
        78          0          0          0          0       1099   stm32l1xx_hal_dma.o
       156         14          0          0         24       1674   stm32l1xx_hal_flash.o
      1264        354          0          0          0       8287   stm32l1xx_hal_flash_ex.o
      1020        310          0          0          0       4655   stm32l1xx_hal_gpio.o
       224         64          0          0          0       1835   stm32l1xx_hal_iwdg.o
        72          6          0          0          0        922   stm32l1xx_hal_msp.o
      2464        224          0          0          0       6692   stm32l1xx_hal_rcc.o
       432         86          0          0          0       1548   stm32l1xx_hal_rcc_ex.o
      2704        376          0          0          0       9664   stm32l1xx_hal_rtc.o
       236        128          0          0          0       2513   stm32l1xx_hal_rtc_ex.o
      1368        132          0          0          0       4961   stm32l1xx_hal_spi.o
      1676        148          0          0          0      10351   stm32l1xx_hal_uart.o
       154         32          0          0          0       3846   stm32l1xx_it.o
         0          0          0          0          0        392   stream_buffer.o
        16          6         33          4          0       1259   system_stm32l1xx.o
       264        104         12          8          0       2010   task_ad8223.o
       428        176         79          4          0       1583   task_produce.o
       908        270         42          8         60      24157   task_upload.o
      2230        162          0         60        180      24738   tasks.o
      1008         80          0         20        136      28514   timers.o
       196         16          0          0        128       1399   usart.o
       116          4          0          0          0       1466   user_adc.o
      1588        388         39         32          0      10301   user_gpio.o
      1340        116          0          0         40      18300   user_i2c_m.o
        44         10          0          0          0        485   user_iwdg.o
      1220        416        381          0          0       6953   user_rtc.o
        44          0          0          0          0        844   user_spi.o
        80         10          0          0          0       2002   user_stmflash.o
      2222        936        344        158         66       9038   user_usart.o

    ----------------------------------------------------------------------
     39756       7662       1617        728       8156     821542   Object Totals
         0          0         32          0          0          0   (incl. Generated)
        40          0          2          9          1          0   (incl. Padding)

    ----------------------------------------------------------------------

      Code (inc. data)   RO Data    RW Data    ZI Data      Debug   Library Member Name

        86          0          0          0          0          0   __dczerorl2.o
        28          0          0          0          0         68   _chval.o
       158          0          0          0          0         92   _strtoul.o
        26          0          0          0          0         80   atoi.o
         8          4        133          0          0         68   ctype_o.o
         0          0          0          0          0          0   entry.o
         0          0          0          0          0          0   entry10a.o
         0          0          0          0          0          0   entry11a.o
         8          4          0          0          0          0   entry2.o
         4          0          0          0          0          0   entry5.o
         0          0          0          0          0          0   entry7b.o
         0          0          0          0          0          0   entry8b.o
         8          4          0          0          0          0   entry9a.o
         8          4          0          4          0         68   errno.o
        30          0          0          0          0          0   handlers.o
        36          8          0          0          0         68   init.o
         0          0          0          0          0          0   iusefp.o
        30          0          0          0          0         68   llshl.o
        32          0          0          0          0         68   llushr.o
       140          6         12          0          0         76   localtime_i.o
        12          6          0          0         44         68   localtime_w.o
        36          0          0          0          0         68   memcpya.o
        36          0          0          0          0        108   memseta.o
       168         18         12          0          0         80   mktime.o
      1204         60          0          0          0        504   printf8.o
         0          0          0          4          0          0   stdout.o
        14          0          0          0          0         68   strlen.o
        36          0          0          0          0         80   strstr.o
       112          0          0          0          0         88   strtol.o
        98          0          0          0          0         92   uldiv.o
       186          0          0          0          0        176   depilogue.o
        50          0          0          0          0         76   dfixui.o
        26          0          0          0          0         76   dfltui.o
       228          0          0          0          0         96   dmul.o
        46          0          0          0          0         80   dscalb.o

    ----------------------------------------------------------------------
      2860        114        159          8         44       2316   Library Totals
         6          0          2          0          0          0   (incl. Padding)

    ----------------------------------------------------------------------

      Code (inc. data)   RO Data    RW Data    ZI Data      Debug   Library Name

      2318        114        157          8         44       1812   mc_w.l
       536          0          0          0          0        504   mf_w.l

    ----------------------------------------------------------------------
      2860        114        159          8         44       2316   Library Totals

    ----------------------------------------------------------------------

==============================================================================


      Code (inc. data)   RO Data    RW Data    ZI Data      Debug   

     42616       7776       1776        736       8200     805838   Grand Totals
     42616       7776       1776        252       8200     805838   ELF Image Totals (compressed)
     42616       7776       1776        252          0          0   ROM Totals

==============================================================================

    Total RO  Size (Code + RO Data)                44392 (  43.35kB)
    Total RW  Size (RW Data + ZI Data)              8936 (   8.73kB)
    Total ROM Size (Code + RO Data + RW Data)      44644 (  43.60kB)

==============================================================================

